Archive member included to satisfy reference by file (symbol)

c:/altera/15.0/nios2eds/bin/gnu/h-x86_64-mingw32/bin/../lib/gcc/nios2-elf/4.9.1/../../../../../H-x86_64-mingw32/nios2-elf/lib\libc.a(lib_a-memcpy.o)
                              obj/default/tx_rx.o (memcpy)
c:/altera/15.0/nios2eds/bin/gnu/h-x86_64-mingw32/bin/../lib/gcc/nios2-elf/4.9.1/../../../../../H-x86_64-mingw32/nios2-elf/lib\libc.a(lib_a-memset.o)
                              obj/default/tx_rx.o (memset)
../simplified_tcp_bsp/\libhal_bsp.a(alt_dcache_flush_all.o)
                              obj/default/tx_rx.o (alt_dcache_flush_all)
../simplified_tcp_bsp/\libhal_bsp.a(alt_load.o)
                              ../simplified_tcp_bsp//obj/HAL/src/crt0.o (alt_load)
../simplified_tcp_bsp/\libhal_bsp.a(alt_main.o)
                              ../simplified_tcp_bsp//obj/HAL/src/crt0.o (alt_main)
../simplified_tcp_bsp/\libhal_bsp.a(alt_printf.o)
                              obj/default/tx_rx.o (alt_printf)
../simplified_tcp_bsp/\libhal_bsp.a(alt_putchar.o)
                              ../simplified_tcp_bsp/\libhal_bsp.a(alt_printf.o) (alt_putchar)
../simplified_tcp_bsp/\libhal_bsp.a(alt_sys_init.o)
                              ../simplified_tcp_bsp/\libhal_bsp.a(alt_main.o) (alt_irq_init)
../simplified_tcp_bsp/\libhal_bsp.a(altera_avalon_jtag_uart_fd.o)
                              ../simplified_tcp_bsp/\libhal_bsp.a(alt_sys_init.o) (altera_avalon_jtag_uart_read_fd)
../simplified_tcp_bsp/\libhal_bsp.a(altera_avalon_jtag_uart_init.o)
                              ../simplified_tcp_bsp/\libhal_bsp.a(alt_sys_init.o) (altera_avalon_jtag_uart_init)
../simplified_tcp_bsp/\libhal_bsp.a(altera_avalon_jtag_uart_ioctl.o)
                              ../simplified_tcp_bsp/\libhal_bsp.a(altera_avalon_jtag_uart_fd.o) (altera_avalon_jtag_uart_ioctl)
../simplified_tcp_bsp/\libhal_bsp.a(altera_avalon_jtag_uart_read.o)
                              ../simplified_tcp_bsp/\libhal_bsp.a(altera_avalon_jtag_uart_fd.o) (altera_avalon_jtag_uart_read)
../simplified_tcp_bsp/\libhal_bsp.a(altera_avalon_jtag_uart_write.o)
                              ../simplified_tcp_bsp/\libhal_bsp.a(altera_avalon_jtag_uart_fd.o) (altera_avalon_jtag_uart_write)
../simplified_tcp_bsp/\libhal_bsp.a(altera_avalon_sgdma.o)
                              obj/default/tx_rx.o (alt_avalon_sgdma_do_async_transfer)
../simplified_tcp_bsp/\libhal_bsp.a(altera_avalon_timer_sc.o)
                              ../simplified_tcp_bsp/\libhal_bsp.a(alt_sys_init.o) (alt_avalon_timer_sc_init)
../simplified_tcp_bsp/\libhal_bsp.a(alt_alarm_start.o)
                              ../simplified_tcp_bsp/\libhal_bsp.a(altera_avalon_jtag_uart_init.o) (alt_alarm_start)
../simplified_tcp_bsp/\libhal_bsp.a(alt_close.o)
                              ../simplified_tcp_bsp/\libhal_bsp.a(alt_main.o) (close)
../simplified_tcp_bsp/\libhal_bsp.a(alt_dcache_flush.o)
                              ../simplified_tcp_bsp/\libhal_bsp.a(altera_avalon_sgdma.o) (alt_dcache_flush)
../simplified_tcp_bsp/\libhal_bsp.a(alt_dev.o)
                              ../simplified_tcp_bsp/\libhal_bsp.a(alt_sys_init.o) (alt_dev_list)
../simplified_tcp_bsp/\libhal_bsp.a(alt_dev_llist_insert.o)
                              ../simplified_tcp_bsp/\libhal_bsp.a(alt_sys_init.o) (alt_dev_llist_insert)
../simplified_tcp_bsp/\libhal_bsp.a(alt_do_ctors.o)
                              ../simplified_tcp_bsp/\libhal_bsp.a(alt_main.o) (_do_ctors)
../simplified_tcp_bsp/\libhal_bsp.a(alt_do_dtors.o)
                              ../simplified_tcp_bsp/\libhal_bsp.a(alt_main.o) (_do_dtors)
../simplified_tcp_bsp/\libhal_bsp.a(alt_errno.o)
                              ../simplified_tcp_bsp/\libhal_bsp.a(altera_avalon_sgdma.o) (alt_errno)
../simplified_tcp_bsp/\libhal_bsp.a(alt_find_dev.o)
                              ../simplified_tcp_bsp/\libhal_bsp.a(altera_avalon_sgdma.o) (alt_find_dev)
../simplified_tcp_bsp/\libhal_bsp.a(alt_icache_flush_all.o)
                              ../simplified_tcp_bsp/\libhal_bsp.a(alt_load.o) (alt_icache_flush_all)
../simplified_tcp_bsp/\libhal_bsp.a(alt_iic.o)
                              ../simplified_tcp_bsp/\libhal_bsp.a(altera_avalon_jtag_uart_init.o) (alt_ic_isr_register)
../simplified_tcp_bsp/\libhal_bsp.a(alt_iic_isr_register.o)
                              ../simplified_tcp_bsp/\libhal_bsp.a(alt_iic.o) (alt_iic_isr_register)
../simplified_tcp_bsp/\libhal_bsp.a(alt_io_redirect.o)
                              ../simplified_tcp_bsp/\libhal_bsp.a(alt_main.o) (alt_io_redirect)
../simplified_tcp_bsp/\libhal_bsp.a(alt_irq_entry.o)
                              ../simplified_tcp_bsp/\libhal_bsp.a(alt_iic_isr_register.o) (alt_irq_entry)
../simplified_tcp_bsp/\libhal_bsp.a(alt_irq_handler.o)
                              ../simplified_tcp_bsp/\libhal_bsp.a(alt_iic_isr_register.o) (alt_irq)
../simplified_tcp_bsp/\libhal_bsp.a(alt_irq_vars.o)
[...]
Memory Configuration

Name             Origin             Length             Attributes
reset            0x0000000000080000 0x0000000000000020
main_memory      0x0000000000080020 0x000000000004afe0
descriptor_memory 0x0000000000100000 0x0000000000001000
*default*        0x0000000000000000 0xffffffffffffffff

Linker script and memory map

LOAD ../simplified_tcp_bsp//obj/HAL/src/crt0.o
LOAD obj/default/tx_rx.o
LOAD c:/altera/15.0/nios2eds/bin/gnu/h-x86_64-mingw32/bin/../lib/gcc/nios2-elf/4.9.1/../../../../../H-x86_64-mingw32/nios2-elf/lib\libstdc++.a
LOAD c:/altera/15.0/nios2eds/bin/gnu/h-x86_64-mingw32/bin/../lib/gcc/nios2-elf/4.9.1/../../../../../H-x86_64-mingw32/nios2-elf/lib\libm.a
LOAD c:/altera/15.0/nios2eds/bin/gnu/h-x86_64-mingw32/bin/../lib/gcc/nios2-elf/4.9.1\libgcc.a
START GROUP
LOAD c:/altera/15.0/nios2eds/bin/gnu/h-x86_64-mingw32/bin/../lib/gcc/nios2-elf/4.9.1/../../../../../H-x86_64-mingw32/nios2-elf/lib\libc.a
LOAD c:/altera/15.0/nios2eds/bin/gnu/h-x86_64-mingw32/bin/../lib/gcc/nios2-elf/4.9.1\libgcc.a
LOAD ../simplified_tcp_bsp/\libhal_bsp.a
LOAD c:/altera/15.0/nios2eds/bin/gnu/h-x86_64-mingw32/bin/../lib/gcc/nios2-elf/4.9.1/../../../../../H-x86_64-mingw32/nios2-elf/lib\libm.a
END GROUP
LOAD c:/altera/15.0/nios2eds/bin/gnu/h-x86_64-mingw32/bin/../lib/gcc/nios2-elf/4.9.1\libgcc.a
                0x0000000000080000                __alt_mem_main_memory = 0x80000
                0x0000000000100000                __alt_mem_descriptor_memory = 0x100000

.entry          0x0000000000080000       0x20
 *(.entry)
 .entry         0x0000000000080000       0x20 ../simplified_tcp_bsp//obj/HAL/src/crt0.o
                0x0000000000080000                __reset

.exceptions     0x0000000000080020      0x220
                0x0000000000080020                PROVIDE (__ram_exceptions_start, ABSOLUTE (.))
                0x0000000000080020                . = ALIGN (0x20)
 *(.irq)
 *(.exceptions.entry.label)
 .exceptions.entry.label
                0x0000000000080020        0x0 ../simplified_tcp_bsp/\libhal_bsp.a(alt_irq_entry.o)
                0x0000000000080020                alt_irq_entry
 .exceptions.entry.label
                0x0000000000080020        0x0 ../simplified_tcp_bsp/\libhal_bsp.a(alt_exception_entry.o)
                0x0000000000080020                alt_exception
 *(.exceptions.entry.user)
 *(.exceptions.entry.ecc_fatal)
 *(.exceptions.entry)
 .exceptions.entry
                0x0000000000080020       0x54 ../simplified_tcp_bsp/\libhal_bsp.a(alt_exception_entry.o)
 *(.exceptions.irqtest.user)
 *(.exceptions.irqtest)
 .exceptions.irqtest
                0x0000000000080074       0x10 ../simplified_tcp_bsp/\libhal_bsp.a(alt_irq_entry.o)
 *(.exceptions.irqhandler.user)
 *(.exceptions.irqhandler)
 .exceptions.irqhandler
                0x0000000000080084        0x4 ../simplified_tcp_bsp/\libhal_bsp.a(alt_irq_entry.o)
 *(.exceptions.irqreturn.user)
 *(.exceptions.irqreturn)
 .exceptions.irqreturn
                0x0000000000080088        0x4 ../simplified_tcp_bsp/\libhal_bsp.a(alt_irq_entry.o)
 *(.exceptions.notirq.label)
 .exceptions.notirq.label
                0x000000000008008c        0x0 ../simplified_tcp_bsp/\libhal_bsp.a(alt_irq_entry.o)
 *(.exceptions.notirq.user)
 *(.exceptions.notirq)
 .exceptions.notirq
                0x000000000008008c        0x8 ../simplified_tcp_bsp/\libhal_bsp.a(alt_exception_entry.o)
 *(.exceptions.soft.user)
 *(.exceptions.soft)
 *(.exceptions.unknown.user)
 *(.exceptions.unknown)
 .exceptions.unknown
                0x0000000000080094       0x14 ../simplified_tcp_bsp/\libhal_bsp.a(alt_exception_entry.o)
 *(.exceptions.exit.label)
 .exceptions.exit.label
                0x00000000000800a8        0x0 ../simplified_tcp_bsp/\libhal_bsp.a(alt_irq_entry.o)
 .exceptions.exit.label
                0x00000000000800a8        0x0 ../simplified_tcp_bsp/\libhal_bsp.a(alt_exception_entry.o)
 *(.exceptions.exit.user)
 *(.exceptions.exit)
 .exceptions.exit
                0x00000000000800a8       0x54 ../simplified_tcp_bsp/\libhal_bsp.a(alt_exception_entry.o)
 *(.exceptions)
 .exceptions    0x00000000000800fc       0xd0 ../simplified_tcp_bsp/\libhal_bsp.a(alt_irq_handler.o)
                0x00000000000800fc                alt_irq_handler
 .exceptions    0x00000000000801cc       0x74 ../simplified_tcp_bsp/\libhal_bsp.a(alt_instruction_exception_entry.o)
                0x00000000000801cc                alt_instruction_exception_entry
                0x0000000000080240                PROVIDE (__ram_exceptions_end, ABSOLUTE (.))
                0x0000000000080020                PROVIDE (__flash_exceptions_start, LOADADDR (.exceptions))

.text           0x0000000000080240     0x7fc8
                0x0000000000080240                PROVIDE (stext, ABSOLUTE (.))
 *(.interp)
 *(.hash)
 *(.dynsym)
 *(.dynstr)
 *(.gnu.version)
 *(.gnu.version_d)
 *(.gnu.version_r)
 *(.rel.init)
 *(.rela.init)
 *(.rel.text .rel.text.* .rel.gnu.linkonce.t.*)
 *(.rela.text .rela.text.* .rela.gnu.linkonce.t.*)
 *(.rel.fini)
 *(.rela.fini)
 *(.rel.rodata .rel.rodata.* .rel.gnu.linkonce.r.*)
 *(.rela.rodata .rela.rodata.* .rela.gnu.linkonce.r.*)
 *(.rel.data .rel.data.* .rel.gnu.linkonce.d.*)
 *(.rela.data .rela.data.* .rela.gnu.linkonce.d.*)
 *(.rel.tdata .rel.tdata.* .rel.gnu.linkonce.td.*)
 *(.rela.tdata .rela.tdata.* .rela.gnu.linkonce.td.*)
 *(.rel.tbss .rel.tbss.* .rel.gnu.linkonce.tb.*)
 *(.rela.tbss .rela.tbss.* .rela.gnu.linkonce.tb.*)
 *(.rel.ctors)
 *(.rela.ctors)
 *(.rel.dtors)
 *(.rela.dtors)
 *(.rel.got)
 *(.rela.got)
 *(.rel.sdata .rel.sdata.* .rel.gnu.linkonce.s.*)
 *(.rela.sdata .rela.sdata.* .rela.gnu.linkonce.s.*)
 *(.rel.sbss .rel.sbss.* .rel.gnu.linkonce.sb.*)
 *(.rela.sbss .rela.sbss.* .rela.gnu.linkonce.sb.*)
 *(.rel.sdata2 .rel.sdata2.* .rel.gnu.linkonce.s2.*)
 *(.rela.sdata2 .rela.sdata2.* .rela.gnu.linkonce.s2.*)
 *(.rel.sbss2 .rel.sbss2.* .rel.gnu.linkonce.sb2.*)
 *(.rela.sbss2 .rela.sbss2.* .rela.gnu.linkonce.sb2.*)
 *(.rel.bss .rel.bss.* .rel.gnu.linkonce.b.*)
 *(.rela.bss .rela.bss.* .rela.gnu.linkonce.b.*)
 *(.rel.plt)
 *(.rela.plt)
 *(.rel.dyn)
 *(.init)
 *(.plt)
 *(.text .stub .text.* .gnu.linkonce.t.*)
 .text          0x0000000000080240       0x4c ../simplified_tcp_bsp//obj/HAL/src/crt0.o
                0x0000000000080240                _start
 .text          0x000000000008028c     0x2604 obj/default/tx_rx.o
                0x000000000008028c                main
                0x0000000000081308                rx_ethernet_isr
                0x0000000000082670                create_pkt
                0x00000000000827e4                statistics_counter
 .text          0x0000000000082890      0x138 c:/altera/15.0/nios2eds/bin/gnu/h-x86_64-mingw32/bin/../lib/gcc/nios2-elf/4.9.1/../../../../../H-x86_64-mingw32/nios2-elf/lib\libc.a(lib_a-memcpy.o)
                0x0000000000082890                memcpy
 .text          0x00000000000829c8      0x124 c:/altera/15.0/nios2eds/bin/gnu/h-x86_64-mingw32/bin/../lib/gcc/nios2-elf/4.9.1/../../../../../H-x86_64-mingw32/nios2-elf/lib\libc.a(lib_a-memset.o)
                0x00000000000829c8                memset
 .text          0x0000000000082aec       0x44 ../simplified_tcp_bsp/\libhal_bsp.a(alt_dcache_flush_all.o)
                0x0000000000082aec                alt_dcache_flush_all
 .text          0x0000000000082b30       0xe4 ../simplified_tcp_bsp/\libhal_bsp.a(alt_load.o)
                0x0000000000082b94                alt_load
 .text          0x0000000000082c14       0x78 ../simplified_tcp_bsp/\libhal_bsp.a(alt_main.o)
                0x0000000000082c14                alt_main
 .text          0x0000000000082c8c      0x228 ../simplified_tcp_bsp/\libhal_bsp.a(alt_printf.o)
                0x0000000000082c8c                alt_printf
 .text          0x0000000000082eb4       0x44 ../simplified_tcp_bsp/\libhal_bsp.a(alt_putchar.o)
                0x0000000000082eb4                alt_putchar
 .text          0x0000000000082ef8       0xf0 ../simplified_tcp_bsp/\libhal_bsp.a(alt_sys_init.o)
                0x0000000000082f30                alt_irq_init
                0x0000000000082f64                alt_sys_init
 .text          0x0000000000082fe8      0x164 ../simplified_tcp_bsp/\libhal_bsp.a(altera_avalon_jtag_uart_fd.o)
                0x0000000000082fe8                altera_avalon_jtag_uart_read_fd
                0x0000000000083048                altera_avalon_jtag_uart_write_fd
                0x00000000000830a8                altera_avalon_jtag_uart_close_fd
                0x00000000000830f8                altera_avalon_jtag_uart_ioctl_fd
 .text          0x000000000008314c      0x3d8 ../simplified_tcp_bsp/\libhal_bsp.a(altera_avalon_jtag_uart_init.o)
                0x000000000008314c                altera_avalon_jtag_uart_init
                0x00000000000834bc                altera_avalon_jtag_uart_close
 .text          0x0000000000083524       0xec ../simplified_tcp_bsp/\libhal_bsp.a(altera_avalon_jtag_uart_ioctl.o)
                0x0000000000083524                altera_avalon_jtag_uart_ioctl
 .text          0x0000000000083610      0x20c ../simplified_tcp_bsp/\libhal_bsp.a(altera_avalon_jtag_uart_read.o)
                0x0000000000083610                altera_avalon_jtag_uart_read
 .text          0x000000000008381c      0x218 ../simplified_tcp_bsp/\libhal_bsp.a(altera_avalon_jtag_uart_write.o)
                0x000000000008381c                altera_avalon_jtag_uart_write
 .text          0x0000000000083a34      0xd70 ../simplified_tcp_bsp/\libhal_bsp.a(altera_avalon_sgdma.o)
                0x0000000000083a84                alt_avalon_sgdma_do_async_transfer
                0x0000000000083ba8                alt_avalon_sgdma_do_sync_transfer
                0x0000000000083cb8                alt_avalon_sgdma_construct_mem_to_mem_desc
                0x0000000000083d28                alt_avalon_sgdma_construct_mem_to_mem_desc_burst
                0x0000000000083da8                alt_avalon_sgdma_construct_stream_to_mem_desc
                0x0000000000083e04                alt_avalon_sgdma_construct_stream_to_mem_desc_burst
                0x0000000000083e78                alt_avalon_sgdma_construct_mem_to_stream_desc
                0x0000000000083ef0                alt_avalon_sgdma_construct_mem_to_stream_desc_burst
                0x0000000000083f78                alt_avalon_sgdma_register_callback
                0x0000000000083fc8                alt_avalon_sgdma_start
                0x000000000008401c                alt_avalon_sgdma_stop
                0x0000000000084074                alt_avalon_sgdma_check_descriptor_status
                0x00000000000840d8                alt_avalon_sgdma_open
                0x000000000008412c                alt_avalon_sgdma_construct_descriptor
                0x00000000000841b4                alt_avalon_sgdma_enable_desc_poll
                0x0000000000084234                alt_avalon_sgdma_disable_desc_poll
                0x0000000000084294                alt_avalon_sgdma_construct_descriptor_burst
                0x0000000000084700                alt_avalon_sgdma_init
 .text          0x00000000000847a4       0xfc ../simplified_tcp_bsp/\libhal_bsp.a(altera_avalon_timer_sc.o)
                0x0000000000084818                alt_avalon_timer_sc_init
 .text          0x00000000000848a0      0x140 ../simplified_tcp_bsp/\libhal_bsp.a(alt_alarm_start.o)
                0x00000000000848a0                alt_alarm_start
 .text          0x00000000000849e0      0x120 ../simplified_tcp_bsp/\libhal_bsp.a(alt_close.o)
                0x0000000000084a30                close
 .text          0x0000000000084b00       0x74 ../simplified_tcp_bsp/\libhal_bsp.a(alt_dcache_flush.o)
                0x0000000000084b00                alt_dcache_flush
 .text          0x0000000000084b74       0x2c ../simplified_tcp_bsp/\libhal_bsp.a(alt_dev.o)
 .text          0x0000000000084ba0       0xf4 ../simplified_tcp_bsp/\libhal_bsp.a(alt_dev_llist_insert.o)
                0x0000000000084bf0                alt_dev_llist_insert
 .text          0x0000000000084c94       0x5c ../simplified_tcp_bsp/\libhal_bsp.a(alt_do_ctors.o)
                0x0000000000084c94                _do_ctors
 .text          0x0000000000084cf0       0x5c ../simplified_tcp_bsp/\libhal_bsp.a(alt_do_dtors.o)
                0x0000000000084cf0                _do_dtors
 .text          0x0000000000084d4c        0x0 ../simplified_tcp_bsp/\libhal_bsp.a(alt_errno.o)
 .text          0x0000000000084d4c       0x90 ../simplified_tcp_bsp/\libhal_bsp.a(alt_find_dev.o)
                0x0000000000084d4c                alt_find_dev
 .text          0x0000000000084ddc       0x30 ../simplified_tcp_bsp/\libhal_bsp.a(alt_icache_flush_all.o)
                0x0000000000084ddc                alt_icache_flush_all
 .text          0x0000000000084e0c      0x1e0 ../simplified_tcp_bsp/\libhal_bsp.a(alt_iic.o)
                0x0000000000084e0c                alt_ic_isr_register
                0x0000000000084e5c                alt_ic_irq_enable
                0x0000000000084efc                alt_ic_irq_disable
                0x0000000000084fa0                alt_ic_irq_enabled
 .text          0x0000000000084fec       0xf0 ../simplified_tcp_bsp/\libhal_bsp.a(alt_iic_isr_register.o)
                0x0000000000084fec                alt_iic_isr_register
 .text          0x00000000000850dc      0x138 ../simplified_tcp_bsp/\libhal_bsp.a(alt_io_redirect.o)
                0x000000000008519c                alt_io_redirect
 .text          0x0000000000085214        0x0 ../simplified_tcp_bsp/\libhal_bsp.a(alt_irq_entry.o)
 .text          0x0000000000085214        0x0 ../simplified_tcp_bsp/\libhal_bsp.a(alt_irq_handler.o)
 .text          0x0000000000085214        0x0 ../simplified_tcp_bsp/\libhal_bsp.a(alt_irq_vars.o)
 .text          0x0000000000085214      0x274 ../simplified_tcp_bsp/\libhal_bsp.a(alt_open.o)
                0x0000000000085330                open
 .text          0x0000000000085488       0x60 ../simplified_tcp_bsp/\libhal_bsp.a(alt_release_fd.o)
                0x0000000000085488                alt_release_fd
 .text          0x00000000000854e8      0x19c ../simplified_tcp_bsp/\libhal_bsp.a(alt_tick.o)
                0x00000000000854e8                alt_alarm_stop
                0x0000000000085580                alt_tick
 .text          0x0000000000085684       0x20 ../simplified_tcp_bsp/\libhal_bsp.a(altera_nios2_gen2_irq.o)
                0x0000000000085684                altera_nios2_gen2_irq_init
 .text          0x00000000000856a4        0x0 ../simplified_tcp_bsp/\libhal_bsp.a(alt_exception_entry.o)
 .text          0x00000000000856a4      0x114 ../simplified_tcp_bsp/\libhal_bsp.a(alt_find_file.o)
                0x00000000000856a4                alt_find_file
 .text          0x00000000000857b8       0xb4 ../simplified_tcp_bsp/\libhal_bsp.a(alt_get_fd.o)
                0x00000000000857b8                alt_get_fd
 .text          0x000000000008586c       0x8c ../simplified_tcp_bsp/\libhal_bsp.a(alt_icache_flush.o)
                0x000000000008586c                alt_icache_flush
 .text          0x00000000000858f8       0x9c ../simplified_tcp_bsp/\libhal_bsp.a(alt_instruction_exception_entry.o)
                0x00000000000858f8                alt_exception_cause_generated_bad_addr
 .text          0x0000000000085994       0x14 c:/altera/15.0/nios2eds/bin/gnu/h-x86_64-mingw32/bin/../lib/gcc/nios2-elf/4.9.1/../../../../../H-x86_64-mingw32/nios2-elf/lib\libc.a(lib_a-atexit.o)
                0x0000000000085994                atexit
 .text          0x00000000000859a8       0x38 c:/altera/15.0/nios2eds/bin/gnu/h-x86_64-mingw32/bin/../lib/gcc/nios2-elf/4.9.1/../../../../../H-x86_64-mingw32/nios2-elf/lib\libc.a(lib_a-exit.o)
                0x00000000000859a8                exit
 .text          0x00000000000859e0        0x0 c:/altera/15.0/nios2eds/bin/gnu/h-x86_64-mingw32/bin/../lib/gcc/nios2-elf/4.9.1/../../../../../H-x86_64-mingw32/nios2-elf/lib\libc.a(lib_a-impure.o)
 .text          0x00000000000859e0        0x0 c:/altera/15.0/nios2eds/bin/gnu/h-x86_64-mingw32/bin/../lib/gcc/nios2-elf/4.9.1/../../../../../H-x86_64-mingw32/nios2-elf/lib\libc.a(lib_a-int_errno.o)
 .text          0x00000000000859e0       0x7c c:/altera/15.0/nios2eds/bin/gnu/h-x86_64-mingw32/bin/../lib/gcc/nios2-elf/4.9.1/../../../../../H-x86_64-mingw32/nios2-elf/lib\libc.a(lib_a-memcmp.o)
                0x00000000000859e0                memcmp
 .text          0x0000000000085a5c      0x168 c:/altera/15.0/nios2eds/bin/gnu/h-x86_64-mingw32/bin/../lib/gcc/nios2-elf/4.9.1/../../../../../H-x86_64-mingw32/nios2-elf/lib\libc.a(lib_a-putc.o)
                0x0000000000085a5c                _putc_r
                0x0000000000085afc                putc
 .text          0x0000000000085bc4       0x98 c:/altera/15.0/nios2eds/bin/gnu/h-x86_64-mingw32/bin/../lib/gcc/nios2-elf/4.9.1/../../../../../H-x86_64-mingw32/nios2-elf/lib\libc.a(lib_a-strlen.o)
                0x0000000000085bc4                strlen
 .text          0x0000000000085c5c      0x170 c:/altera/15.0/nios2eds/bin/gnu/h-x86_64-mingw32/bin/../lib/gcc/nios2-elf/4.9.1/../../../../../H-x86_64-mingw32/nios2-elf/lib\libc.a(lib_a-wbuf.o)
                0x0000000000085c5c                __swbuf_r
                0x0000000000085db0                __swbuf
 .text          0x0000000000085dcc      0x130 c:/altera/15.0/nios2eds/bin/gnu/h-x86_64-mingw32/bin/../lib/gcc/nios2-elf/4.9.1/../../../../../H-x86_64-mingw32/nios2-elf/lib\libc.a(lib_a-wsetup.o)
                0x0000000000085dcc                __swsetup_r
 .text          0x0000000000085efc      0x114 c:/altera/15.0/nios2eds/bin/gnu/h-x86_64-mingw32/bin/../lib/gcc/nios2-elf/4.9.1/../../../../../H-x86_64-mingw32/nios2-elf/lib\libc.a(lib_a-__atexit.o)
                0x0000000000085efc                __register_exitproc
 .text          0x0000000000086010      0x194 c:/altera/15.0/nios2eds/bin/gnu/h-x86_64-mingw32/bin/../lib/gcc/nios2-elf/4.9.1/../../../../../H-x86_64-mingw32/nios2-elf/lib\libc.a(lib_a-__call_atexit.o)
                0x0000000000086010                __call_exitprocs
 .text          0x00000000000861a4      0x258 c:/altera/15.0/nios2eds/bin/gnu/h-x86_64-mingw32/bin/../lib/gcc/nios2-elf/4.9.1/../../../../../H-x86_64-mingw32/nios2-elf/lib\libc.a(lib_a-fflush.o)
                0x00000000000861a4                _fflush_r
                0x00000000000863cc                fflush
 .text          0x00000000000863fc      0x3a0 c:/altera/15.0/nios2eds/bin/gnu/h-x86_64-mingw32/bin/../lib/gcc/nios2-elf/4.9.1/../../../../../H-x86_64-mingw32/nios2-elf/lib\libc.a(lib_a-findfp.o)
                0x000000000008640c                _cleanup_r
                0x00000000000865b8                __sfmoreglue
                0x000000000008661c                __sfp
                0x0000000000086734                _cleanup
                0x000000000008674c                __sinit
                0x000000000008675c                __sfp_lock_acquire
                0x0000000000086760                __sfp_lock_release
                0x0000000000086764                __sinit_lock_acquire
                0x0000000000086768                __sinit_lock_release
                0x000000000008676c                __fp_lock_all
                0x0000000000086784                __fp_unlock_all
 .text          0x000000000008679c      0x414 c:/altera/15.0/nios2eds/bin/gnu/h-x86_64-mingw32/bin/../lib/gcc/nios2-elf/4.9.1/../../../../../H-x86_64-mingw32/nios2-elf/lib\libc.a(lib_a-freer.o)
                0x000000000008679c                _malloc_trim_r
                0x00000000000868c0                _free_r
 .text          0x0000000000086bb0      0x170 c:/altera/15.0/nios2eds/bin/gnu/h-x86_64-mingw32/bin/../lib/gcc/nios2-elf/4.9.1/../../../../../H-x86_64-mingw32/nios2-elf/lib\libc.a(lib_a-fwalk.o)
                0x0000000000086bb0                _fwalk
                0x0000000000086c68                _fwalk_reent
 .text          0x0000000000086d20      0x1b8 c:/altera/15.0/nios2eds/bin/gnu/h-x86_64-mingw32/bin/../lib/gcc/nios2-elf/4.9.1/../../../../../H-x86_64-mingw32/nios2-elf/lib\libc.a(lib_a-makebuf.o)
                0x0000000000086d20                __smakebuf_r
 .text          0x0000000000086ed8      0x7a8 c:/altera/15.0/nios2eds/bin/gnu/h-x86_64-mingw32/bin/../lib/gcc/nios2-elf/4.9.1/../../../../../H-x86_64-mingw32/nios2-elf/lib\libc.a(lib_a-mallocr.o)
                0x0000000000086ed8                _malloc_r
 .text          0x0000000000087680       0x54 c:/altera/15.0/nios2eds/bin/gnu/h-x86_64-mingw32/bin/../lib/gcc/nios2-elf/4.9.1/../../../../../H-x86_64-mingw32/nios2-elf/lib\libc.a(lib_a-sbrkr.o)
                0x0000000000087680                _sbrk_r
 .text          0x00000000000876d4      0x13c c:/altera/15.0/nios2eds/bin/gnu/h-x86_64-mingw32/bin/../lib/gcc/nios2-elf/4.9.1/../../../../../H-x86_64-mingw32/nios2-elf/lib\libc.a(lib_a-stdio.o)
                0x00000000000876d4                __sread
                0x0000000000087728                __seofread
                0x0000000000087730                __swrite
                0x00000000000877ac                __sseek
                0x0000000000087808                __sclose
 .text          0x0000000000087810       0x5c c:/altera/15.0/nios2eds/bin/gnu/h-x86_64-mingw32/bin/../lib/gcc/nios2-elf/4.9.1/../../../../../H-x86_64-mingw32/nios2-elf/lib\libc.a(lib_a-writer.o)
                0x0000000000087810                _write_r
 .text          0x000000000008786c       0x54 c:/altera/15.0/nios2eds/bin/gnu/h-x86_64-mingw32/bin/../lib/gcc/nios2-elf/4.9.1/../../../../../H-x86_64-mingw32/nios2-elf/lib\libc.a(closer.o)
                0x000000000008786c                _close_r
 .text          0x00000000000878c0      0x114 c:/altera/15.0/nios2eds/bin/gnu/h-x86_64-mingw32/bin/../lib/gcc/nios2-elf/4.9.1/../../../../../H-x86_64-mingw32/nios2-elf/lib\libc.a(lib_a-fclose.o)
                0x00000000000878c0                _fclose_r
                0x00000000000879c0                fclose
 .text          0x00000000000879d4       0x58 c:/altera/15.0/nios2eds/bin/gnu/h-x86_64-mingw32/bin/../lib/gcc/nios2-elf/4.9.1/../../../../../H-x86_64-mingw32/nios2-elf/lib\libc.a(lib_a-fstatr.o)
                0x00000000000879d4                _fstat_r
 .text          0x0000000000087a2c       0x54 c:/altera/15.0/nios2eds/bin/gnu/h-x86_64-mingw32/bin/../lib/gcc/nios2-elf/4.9.1/../../../../../H-x86_64-mingw32/nios2-elf/lib\libc.a(lib_a-isattyr.o)
                0x0000000000087a2c                _isatty_r
 .text          0x0000000000087a80       0x5c c:/altera/15.0/nios2eds/bin/gnu/h-x86_64-mingw32/bin/../lib/gcc/nios2-elf/4.9.1/../../../../../H-x86_64-mingw32/nios2-elf/lib\libc.a(lib_a-lseekr.o)
                0x0000000000087a80                _lseek_r
 .text          0x0000000000087adc       0x5c c:/altera/15.0/nios2eds/bin/gnu/h-x86_64-mingw32/bin/../lib/gcc/nios2-elf/4.9.1/../../../../../H-x86_64-mingw32/nios2-elf/lib\libc.a(lib_a-readr.o)
                0x0000000000087adc                _read_r
 .text          0x0000000000087b38       0x34 ../simplified_tcp_bsp/\libhal_bsp.a(alt_exit.o)
                0x0000000000087b38                _exit
 .text          0x0000000000087b6c      0x100 ../simplified_tcp_bsp/\libhal_bsp.a(alt_fstat.o)
                0x0000000000087bbc                fstat
 .text          0x0000000000087c6c       0xf4 ../simplified_tcp_bsp/\libhal_bsp.a(alt_isatty.o)
                0x0000000000087cbc                isatty
 .text          0x0000000000087d60      0x124 ../simplified_tcp_bsp/\libhal_bsp.a(alt_lseek.o)
                0x0000000000087db0                lseek
 .text          0x0000000000087e84       0x40 ../simplified_tcp_bsp/\libhal_bsp.a(alt_malloc_lock.o)
                0x0000000000087e84                __malloc_lock
                0x0000000000087ea4                __malloc_unlock
 .text          0x0000000000087ec4      0x14c ../simplified_tcp_bsp/\libhal_bsp.a(alt_read.o)
                0x0000000000087f14                read
 .text          0x0000000000088010       0xb0 ../simplified_tcp_bsp/\libhal_bsp.a(alt_sbrk.o)
                0x0000000000088010                sbrk
 .text          0x00000000000880c0      0x148 ../simplified_tcp_bsp/\libhal_bsp.a(alt_write.o)
                0x0000000000088110                write
 *(.gnu.warning.*)
 *(.fini)
                0x0000000000088208                PROVIDE (__etext, ABSOLUTE (.))
                0x0000000000088208                PROVIDE (_etext, ABSOLUTE (.))
                0x0000000000088208                PROVIDE (etext, ABSOLUTE (.))
 *(.eh_frame_hdr)
                0x0000000000088208                . = ALIGN (0x4)
                0x0000000000088208                PROVIDE (__preinit_array_start, ABSOLUTE (.))
 *(.preinit_array)
                0x0000000000088208                PROVIDE (__preinit_array_end, ABSOLUTE (.))
                0x0000000000088208                PROVIDE (__init_array_start, ABSOLUTE (.))
 *(.init_array)
                0x0000000000088208                PROVIDE (__init_array_end, ABSOLUTE (.))
                0x0000000000088208                PROVIDE (__fini_array_start, ABSOLUTE (.))
 *(.fini_array)
                0x0000000000088208                PROVIDE (__fini_array_end, ABSOLUTE (.))
 *(.eh_frame)
 *(.gcc_except_table .gcc_except_table.*)
 *(.dynamic)
                0x0000000000088208                PROVIDE (__CTOR_LIST__, ABSOLUTE (.))
 *(.ctors)
 *(SORT(.ctors.*))
                0x0000000000088208                PROVIDE (__CTOR_END__, ABSOLUTE (.))
                0x0000000000088208                PROVIDE (__DTOR_LIST__, ABSOLUTE (.))
 *(.dtors)
 *(SORT(.dtors.*))
                0x0000000000088208                PROVIDE (__DTOR_END__, ABSOLUTE (.))
 *(.jcr)
                0x0000000000088208                . = ALIGN (0x4)

.rodata         0x0000000000088208      0x82c
                0x0000000000088208                PROVIDE (__ram_rodata_start, ABSOLUTE (.))
                0x0000000000088208                . = ALIGN (0x4)
 *(.rodata .rodata.* .gnu.linkonce.r.*)
 .rodata        0x0000000000088208      0x7dc obj/default/tx_rx.o
 .rodata        0x00000000000889e4       0x10 ../simplified_tcp_bsp/\libhal_bsp.a(alt_main.o)
 .rodata        0x00000000000889f4       0x30 ../simplified_tcp_bsp/\libhal_bsp.a(alt_sys_init.o)
 .rodata        0x0000000000088a24        0xc ../simplified_tcp_bsp/\libhal_bsp.a(alt_dev.o)
 .rodata.str1.4
                0x0000000000088a30        0x4 c:/altera/15.0/nios2eds/bin/gnu/h-x86_64-mingw32/bin/../lib/gcc/nios2-elf/4.9.1/../../../../../H-x86_64-mingw32/nios2-elf/lib\libc.a(lib_a-impure.o)
 *(.rodata1)
                0x0000000000088a34                . = ALIGN (0x4)
                0x0000000000088a34                PROVIDE (__ram_rodata_end, ABSOLUTE (.))
                0x0000000000088208                PROVIDE (__flash_rodata_start, LOADADDR (.rodata))

.rwdata         0x0000000000088a34     0x1ad4 load address 0x000000000008a508
                0x0000000000088a34                PROVIDE (__ram_rwdata_start, ABSOLUTE (.))
                0x0000000000088a34                . = ALIGN (0x4)
 *(.got.plt)
 *(.got)
 *(.data1)
 *(.data .data.* .gnu.linkonce.d.*)
 .data          0x0000000000088a34        0x0 ../simplified_tcp_bsp//obj/HAL/src/crt0.o
 .data          0x0000000000088a34        0x0 obj/default/tx_rx.o
 .data          0x0000000000088a34        0x0 c:/altera/15.0/nios2eds/bin/gnu/h-x86_64-mingw32/bin/../lib/gcc/nios2-elf/4.9.1/../../../../../H-x86_64-mingw32/nios2-elf/lib\libc.a(lib_a-memcpy.o)
 .data          0x0000000000088a34        0x0 c:/altera/15.0/nios2eds/bin/gnu/h-x86_64-mingw32/bin/../lib/gcc/nios2-elf/4.9.1/../../../../../H-x86_64-mingw32/nios2-elf/lib\libc.a(lib_a-memset.o)
 .data          0x0000000000088a34        0x0 ../simplified_tcp_bsp/\libhal_bsp.a(alt_dcache_flush_all.o)
 .data          0x0000000000088a34        0x0 ../simplified_tcp_bsp/\libhal_bsp.a(alt_load.o)
 .data          0x0000000000088a34        0x0 ../simplified_tcp_bsp/\libhal_bsp.a(alt_main.o)
 .data          0x0000000000088a34        0x0 ../simplified_tcp_bsp/\libhal_bsp.a(alt_printf.o)
 .data          0x0000000000088a34        0x0 ../simplified_tcp_bsp/\libhal_bsp.a(alt_putchar.o)
 .data          0x0000000000088a34     0x10c0 ../simplified_tcp_bsp/\libhal_bsp.a(alt_sys_init.o)
 .data          0x0000000000089af4        0x0 ../simplified_tcp_bsp/\libhal_bsp.a(altera_avalon_jtag_uart_fd.o)
 .data          0x0000000000089af4        0x0 ../simplified_tcp_bsp/\libhal_bsp.a(altera_avalon_jtag_uart_init.o)
 .data          0x0000000000089af4        0x0 ../simplified_tcp_bsp/\libhal_bsp.a(altera_avalon_jtag_uart_ioctl.o)
 .data          0x0000000000089af4        0x0 ../simplified_tcp_bsp/\libhal_bsp.a(altera_avalon_jtag_uart_read.o)
 .data          0x0000000000089af4        0x0 ../simplified_tcp_bsp/\libhal_bsp.a(altera_avalon_jtag_uart_write.o)
 .data          0x0000000000089af4        0x0 ../simplified_tcp_bsp/\libhal_bsp.a(altera_avalon_sgdma.o)
 .data          0x0000000000089af4        0x0 ../simplified_tcp_bsp/\libhal_bsp.a(altera_avalon_timer_sc.o)
 .data          0x0000000000089af4        0x0 ../simplified_tcp_bsp/\libhal_bsp.a(alt_alarm_start.o)
 .data          0x0000000000089af4        0x0 ../simplified_tcp_bsp/\libhal_bsp.a(alt_close.o)
 .data          0x0000000000089af4        0x0 ../simplified_tcp_bsp/\libhal_bsp.a(alt_dcache_flush.o)
 .data          0x0000000000089af4      0x1a8 ../simplified_tcp_bsp/\libhal_bsp.a(alt_dev.o)
                0x0000000000089af4                alt_dev_null
                0x0000000000089b1c                alt_fd_list
 .data          0x0000000000089c9c        0x0 ../simplified_tcp_bsp/\libhal_bsp.a(alt_dev_llist_insert.o)
 .data          0x0000000000089c9c        0x0 ../simplified_tcp_bsp/\libhal_bsp.a(alt_do_ctors.o)
 .data          0x0000000000089c9c        0x0 ../simplified_tcp_bsp/\libhal_bsp.a(alt_do_dtors.o)
 .data          0x0000000000089c9c        0x0 ../simplified_tcp_bsp/\libhal_bsp.a(alt_errno.o)
 .data          0x0000000000089c9c        0x0 ../simplified_tcp_bsp/\libhal_bsp.a(alt_find_dev.o)
 .data          0x0000000000089c9c        0x0 ../simplified_tcp_bsp/\libhal_bsp.a(alt_icache_flush_all.o)
 .data          0x0000000000089c9c        0x0 ../simplified_tcp_bsp/\libhal_bsp.a(alt_iic.o)
 .data          0x0000000000089c9c        0x0 ../simplified_tcp_bsp/\libhal_bsp.a(alt_iic_isr_register.o)
 .data          0x0000000000089c9c        0x0 ../simplified_tcp_bsp/\libhal_bsp.a(alt_io_redirect.o)
 .data          0x0000000000089c9c        0x0 ../simplified_tcp_bsp/\libhal_bsp.a(alt_irq_entry.o)
 .data          0x0000000000089c9c        0x0 ../simplified_tcp_bsp/\libhal_bsp.a(alt_irq_handler.o)
 .data          0x0000000000089c9c        0x0 ../simplified_tcp_bsp/\libhal_bsp.a(alt_irq_vars.o)
 .data          0x0000000000089c9c        0x0 ../simplified_tcp_bsp/\libhal_bsp.a(alt_open.o)
 .data          0x0000000000089c9c        0x0 ../simplified_tcp_bsp/\libhal_bsp.a(alt_release_fd.o)
 .data          0x0000000000089c9c        0x0 ../simplified_tcp_bsp/\libhal_bsp.a(alt_tick.o)
 .data          0x0000000000089c9c        0x0 ../simplified_tcp_bsp/\libhal_bsp.a(altera_nios2_gen2_irq.o)
 .data          0x0000000000089c9c        0x0 ../simplified_tcp_bsp/\libhal_bsp.a(alt_exception_entry.o)
 .data          0x0000000000089c9c        0x0 ../simplified_tcp_bsp/\libhal_bsp.a(alt_find_file.o)
 .data          0x0000000000089c9c        0x0 ../simplified_tcp_bsp/\libhal_bsp.a(alt_get_fd.o)
 .data          0x0000000000089c9c        0x0 ../simplified_tcp_bsp/\libhal_bsp.a(alt_icache_flush.o)
 .data          0x0000000000089c9c        0x0 ../simplified_tcp_bsp/\libhal_bsp.a(alt_instruction_exception_entry.o)
 .data          0x0000000000089c9c        0x0 c:/altera/15.0/nios2eds/bin/gnu/h-x86_64-mingw32/bin/../lib/gcc/nios2-elf/4.9.1/../../../../../H-x86_64-mingw32/nios2-elf/lib\libc.a(lib_a-atexit.o)
 .data          0x0000000000089c9c        0x0 c:/altera/15.0/nios2eds/bin/gnu/h-x86_64-mingw32/bin/../lib/gcc/nios2-elf/4.9.1/../../../../../H-x86_64-mingw32/nios2-elf/lib\libc.a(lib_a-exit.o)
 .data          0x0000000000089c9c      0x424 c:/altera/15.0/nios2eds/bin/gnu/h-x86_64-mingw32/bin/../lib/gcc/nios2-elf/4.9.1/../../../../../H-x86_64-mingw32/nios2-elf/lib\libc.a(lib_a-impure.o)
 .data          0x000000000008a0c0        0x0 c:/altera/15.0/nios2eds/bin/gnu/h-x86_64-mingw32/bin/../lib/gcc/nios2-elf/4.9.1/../../../../../H-x86_64-mingw32/nios2-elf/lib\libc.a(lib_a-int_errno.o)
 .data          0x000000000008a0c0        0x0 c:/altera/15.0/nios2eds/bin/gnu/h-x86_64-mingw32/bin/../lib/gcc/nios2-elf/4.9.1/../../../../../H-x86_64-mingw32/nios2-elf/lib\libc.a(lib_a-memcmp.o)
 .data          0x000000000008a0c0        0x0 c:/altera/15.0/nios2eds/bin/gnu/h-x86_64-mingw32/bin/../lib/gcc/nios2-elf/4.9.1/../../../../../H-x86_64-mingw32/nios2-elf/lib\libc.a(lib_a-putc.o)
 .data          0x000000000008a0c0        0x0 c:/altera/15.0/nios2eds/bin/gnu/h-x86_64-mingw32/bin/../lib/gcc/nios2-elf/4.9.1/../../../../../H-x86_64-mingw32/nios2-elf/lib\libc.a(lib_a-strlen.o)
 .data          0x000000000008a0c0        0x0 c:/altera/15.0/nios2eds/bin/gnu/h-x86_64-mingw32/bin/../lib/gcc/nios2-elf/4.9.1/../../../../../H-x86_64-mingw32/nios2-elf/lib\libc.a(lib_a-wbuf.o)
 .data          0x000000000008a0c0        0x0 c:/altera/15.0/nios2eds/bin/gnu/h-x86_64-mingw32/bin/../lib/gcc/nios2-elf/4.9.1/../../../../../H-x86_64-mingw32/nios2-elf/lib\libc.a(lib_a-wsetup.o)
 .data          0x000000000008a0c0        0x0 c:/altera/15.0/nios2eds/bin/gnu/h-x86_64-mingw32/bin/../lib/gcc/nios2-elf/4.9.1/../../../../../H-x86_64-mingw32/nios2-elf/lib\libc.a(lib_a-__atexit.o)
 .data          0x000000000008a0c0        0x0 c:/altera/15.0/nios2eds/bin/gnu/h-x86_64-mingw32/bin/../lib/gcc/nios2-elf/4.9.1/../../../../../H-x86_64-mingw32/nios2-elf/lib\libc.a(lib_a-__call_atexit.o)
 .data          0x000000000008a0c0        0x0 c:/altera/15.0/nios2eds/bin/gnu/h-x86_64-mingw32/bin/../lib/gcc/nios2-elf/4.9.1/../../../../../H-x86_64-mingw32/nios2-elf/lib\libc.a(lib_a-fflush.o)
 .data          0x000000000008a0c0        0x0 c:/altera/15.0/nios2eds/bin/gnu/h-x86_64-mingw32/bin/../lib/gcc/nios2-elf/4.9.1/../../../../../H-x86_64-mingw32/nios2-elf/lib\libc.a(lib_a-findfp.o)
 .data          0x000000000008a0c0        0x0 c:/altera/15.0/nios2eds/bin/gnu/h-x86_64-mingw32/bin/../lib/gcc/nios2-elf/4.9.1/../../../../../H-x86_64-mingw32/nios2-elf/lib\libc.a(lib_a-freer.o)
 .data          0x000000000008a0c0        0x0 c:/altera/15.0/nios2eds/bin/gnu/h-x86_64-mingw32/bin/../lib/gcc/nios2-elf/4.9.1/../../../../../H-x86_64-mingw32/nios2-elf/lib\libc.a(lib_a-fwalk.o)
 .data          0x000000000008a0c0        0x0 c:/altera/15.0/nios2eds/bin/gnu/h-x86_64-mingw32/bin/../lib/gcc/nios2-elf/4.9.1/../../../../../H-x86_64-mingw32/nios2-elf/lib\libc.a(lib_a-makebuf.o)
 .data          0x000000000008a0c0      0x408 c:/altera/15.0/nios2eds/bin/gnu/h-x86_64-mingw32/bin/../lib/gcc/nios2-elf/4.9.1/../../../../../H-x86_64-mingw32/nios2-elf/lib\libc.a(lib_a-mallocr.o)
                0x000000000008a0c0                __malloc_av_
 .data          0x000000000008a4c8        0x0 c:/altera/15.0/nios2eds/bin/gnu/h-x86_64-mingw32/bin/../lib/gcc/nios2-elf/4.9.1/../../../../../H-x86_64-mingw32/nios2-elf/lib\libc.a(lib_a-sbrkr.o)
 .data          0x000000000008a4c8        0x0 c:/altera/15.0/nios2eds/bin/gnu/h-x86_64-mingw32/bin/../lib/gcc/nios2-elf/4.9.1/../../../../../H-x86_64-mingw32/nios2-elf/lib\libc.a(lib_a-stdio.o)
 .data          0x000000000008a4c8        0x0 c:/altera/15.0/nios2eds/bin/gnu/h-x86_64-mingw32/bin/../lib/gcc/nios2-elf/4.9.1/../../../../../H-x86_64-mingw32/nios2-elf/lib\libc.a(lib_a-writer.o)
 .data          0x000000000008a4c8        0x0 c:/altera/15.0/nios2eds/bin/gnu/h-x86_64-mingw32/bin/../lib/gcc/nios2-elf/4.9.1/../../../../../H-x86_64-mingw32/nios2-elf/lib\libc.a(closer.o)
 .data          0x000000000008a4c8        0x0 c:/altera/15.0/nios2eds/bin/gnu/h-x86_64-mingw32/bin/../lib/gcc/nios2-elf/4.9.1/../../../../../H-x86_64-mingw32/nios2-elf/lib\libc.a(lib_a-fclose.o)
 .data          0x000000000008a4c8        0x0 c:/altera/15.0/nios2eds/bin/gnu/h-x86_64-mingw32/bin/../lib/gcc/nios2-elf/4.9.1/../../../../../H-x86_64-mingw32/nios2-elf/lib\libc.a(lib_a-fstatr.o)
 .data          0x000000000008a4c8        0x0 c:/altera/15.0/nios2eds/bin/gnu/h-x86_64-mingw32/bin/../lib/gcc/nios2-elf/4.9.1/../../../../../H-x86_64-mingw32/nios2-elf/lib\libc.a(lib_a-isattyr.o)
 .data          0x000000000008a4c8        0x0 c:/altera/15.0/nios2eds/bin/gnu/h-x86_64-mingw32/bin/../lib/gcc/nios2-elf/4.9.1/../../../../../H-x86_64-mingw32/nios2-elf/lib\libc.a(lib_a-lseekr.o)
 .data          0x000000000008a4c8        0x0 c:/altera/15.0/nios2eds/bin/gnu/h-x86_64-mingw32/bin/../lib/gcc/nios2-elf/4.9.1/../../../../../H-x86_64-mingw32/nios2-elf/lib\libc.a(lib_a-readr.o)
 .data          0x000000000008a4c8        0x0 ../simplified_tcp_bsp/\libhal_bsp.a(alt_exit.o)
 .data          0x000000000008a4c8        0x0 ../simplified_tcp_bsp/\libhal_bsp.a(alt_fstat.o)
 .data          0x000000000008a4c8        0x0 ../simplified_tcp_bsp/\libhal_bsp.a(alt_isatty.o)
 .data          0x000000000008a4c8        0x0 ../simplified_tcp_bsp/\libhal_bsp.a(alt_lseek.o)
 .data          0x000000000008a4c8        0x0 ../simplified_tcp_bsp/\libhal_bsp.a(alt_malloc_lock.o)
 .data          0x000000000008a4c8        0x0 ../simplified_tcp_bsp/\libhal_bsp.a(alt_read.o)
 .data          0x000000000008a4c8        0x0 ../simplified_tcp_bsp/\libhal_bsp.a(alt_sbrk.o)
 .data          0x000000000008a4c8        0x0 ../simplified_tcp_bsp/\libhal_bsp.a(alt_write.o)
                0x00000000000924c8                _gp = ABSOLUTE ((. + 0x8000))
                0x00000000000924c8                PROVIDE (gp, _gp)
 *(.rwdata .rwdata.*)
 *(.sdata .sdata.* .gnu.linkonce.s.*)
 .sdata         0x000000000008a4c8        0x8 ../simplified_tcp_bsp/\libhal_bsp.a(altera_avalon_sgdma.o)
                0x000000000008a4c8                alt_sgdma_list
 .sdata         0x000000000008a4d0       0x14 ../simplified_tcp_bsp/\libhal_bsp.a(alt_dev.o)
                0x000000000008a4d0                alt_fs_list
                0x000000000008a4d8                alt_dev_list
                0x000000000008a4e0                alt_max_fd
 .sdata         0x000000000008a4e4        0x4 ../simplified_tcp_bsp/\libhal_bsp.a(alt_errno.o)
                0x000000000008a4e4                alt_errno
 .sdata         0x000000000008a4e8        0x4 ../simplified_tcp_bsp/\libhal_bsp.a(alt_irq_vars.o)
                0x000000000008a4e8                alt_priority_mask
 .sdata         0x000000000008a4ec        0x8 ../simplified_tcp_bsp/\libhal_bsp.a(alt_tick.o)
                0x000000000008a4ec                alt_alarm_list
 .sdata         0x000000000008a4f4        0x8 c:/altera/15.0/nios2eds/bin/gnu/h-x86_64-mingw32/bin/../lib/gcc/nios2-elf/4.9.1/../../../../../H-x86_64-mingw32/nios2-elf/lib\libc.a(lib_a-impure.o)
                0x000000000008a4f4                _global_impure_ptr
                0x000000000008a4f8                _impure_ptr
 .sdata         0x000000000008a4fc        0x8 c:/altera/15.0/nios2eds/bin/gnu/h-x86_64-mingw32/bin/../lib/gcc/nios2-elf/4.9.1/../../../../../H-x86_64-mingw32/nios2-elf/lib\libc.a(lib_a-mallocr.o)
                0x000000000008a4fc                __malloc_sbrk_base
                0x000000000008a500                __malloc_trim_threshold
 .sdata         0x000000000008a504        0x4 ../simplified_tcp_bsp/\libhal_bsp.a(alt_sbrk.o)
 *(.sdata2 .sdata2.* .gnu.linkonce.s2.*)
                0x000000000008a508                . = ALIGN (0x4)
                0x000000000008a508                _edata = ABSOLUTE (.)
                0x000000000008a508                PROVIDE (edata, ABSOLUTE (.))
                0x000000000008a508                PROVIDE (__ram_rwdata_end, ABSOLUTE (.))
                0x000000000008a508                PROVIDE (__flash_rwdata_start, LOADADDR (.rwdata))

.bss            0x000000000008bfdc      0x220
                0x000000000008bfdc                __bss_start = ABSOLUTE (.)
                0x000000000008bfdc                PROVIDE (__sbss_start, ABSOLUTE (.))
                0x000000000008bfdc                PROVIDE (___sbss_start, ABSOLUTE (.))
 *(.dynsbss)
 *(.sbss .sbss.* .gnu.linkonce.sb.*)
 .sbss          0x000000000008bfdc       0x14 obj/default/tx_rx.o
                0x000000000008bfdc                loss_count
                0x000000000008bfdd                loss_flag
                0x000000000008bfe0                pckt_rxed
                0x000000000008bfe4                succ_rxed
                0x000000000008bfe8                flag_syn
                0x000000000008bfe9                retr_count
                0x000000000008bfec                in
 .sbss          0x000000000008bff0        0xc obj/default/tx_rx.o
                0x000000000008bff0                data_flag
                0x000000000008bff4                sgdma_tx_dev
                0x000000000008bff8                sgdma_rx_dev
 .sbss          0x000000000008bffc        0xc ../simplified_tcp_bsp/\libhal_bsp.a(alt_main.o)
                0x000000000008bffc                alt_argc
                0x000000000008c000                alt_argv
                0x000000000008c004                alt_envp
 .sbss          0x000000000008c008        0x4 ../simplified_tcp_bsp/\libhal_bsp.a(alt_irq_vars.o)
                0x000000000008c008                alt_irq_active
 .sbss          0x000000000008c00c        0x8 ../simplified_tcp_bsp/\libhal_bsp.a(alt_tick.o)
                0x000000000008c00c                _alt_tick_rate
                0x000000000008c010                _alt_nticks
 .sbss          0x000000000008c014        0x4 ../simplified_tcp_bsp/\libhal_bsp.a(alt_instruction_exception_entry.o)
                0x000000000008c014                alt_instruction_exception_handler
 .sbss          0x000000000008c018        0x4 c:/altera/15.0/nios2eds/bin/gnu/h-x86_64-mingw32/bin/../lib/gcc/nios2-elf/4.9.1/../../../../../H-x86_64-mingw32/nios2-elf/lib\libc.a(lib_a-int_errno.o)
                0x000000000008c018                errno
 .sbss          0x000000000008c01c        0xc c:/altera/15.0/nios2eds/bin/gnu/h-x86_64-mingw32/bin/../lib/gcc/nios2-elf/4.9.1/../../../../../H-x86_64-mingw32/nios2-elf/lib\libc.a(lib_a-mallocr.o)
                0x000000000008c01c                __malloc_max_total_mem
                0x000000000008c020                __malloc_max_sbrked_mem
                0x000000000008c024                __malloc_top_pad
 *(.sbss2 .sbss2.* .gnu.linkonce.sb2.*)
 *(.scommon)
                0x000000000008c028                PROVIDE (__sbss_end, ABSOLUTE (.))
                0x000000000008c028                PROVIDE (___sbss_end, ABSOLUTE (.))
 *(.dynbss)
 *(.bss .bss.* .gnu.linkonce.b.*)
 .bss           0x000000000008c028        0x0 ../simplified_tcp_bsp//obj/HAL/src/crt0.o
 .bss           0x000000000008c028       0x80 obj/default/tx_rx.o
                0x000000000008c028                rx_frame
                0x000000000008c068                tx_frame
 .bss           0x000000000008c0a8        0x0 c:/altera/15.0/nios2eds/bin/gnu/h-x86_64-mingw32/bin/../lib/gcc/nios2-elf/4.9.1/../../../../../H-x86_64-mingw32/nios2-elf/lib\libc.a(lib_a-memcpy.o)
 .bss           0x000000000008c0a8        0x0 c:/altera/15.0/nios2eds/bin/gnu/h-x86_64-mingw32/bin/../lib/gcc/nios2-elf/4.9.1/../../../../../H-x86_64-mingw32/nios2-elf/lib\libc.a(lib_a-memset.o)
 .bss           0x000000000008c0a8        0x0 ../simplified_tcp_bsp/\libhal_bsp.a(alt_dcache_flush_all.o)
 .bss           0x000000000008c0a8        0x0 ../simplified_tcp_bsp/\libhal_bsp.a(alt_load.o)
 .bss           0x000000000008c0a8        0x0 ../simplified_tcp_bsp/\libhal_bsp.a(alt_main.o)
 .bss           0x000000000008c0a8        0x0 ../simplified_tcp_bsp/\libhal_bsp.a(alt_printf.o)
 .bss           0x000000000008c0a8        0x0 ../simplified_tcp_bsp/\libhal_bsp.a(alt_putchar.o)
 .bss           0x000000000008c0a8        0x0 ../simplified_tcp_bsp/\libhal_bsp.a(alt_sys_init.o)
 .bss           0x000000000008c0a8        0x0 ../simplified_tcp_bsp/\libhal_bsp.a(altera_avalon_jtag_uart_fd.o)
 .bss           0x000000000008c0a8        0x0 ../simplified_tcp_bsp/\libhal_bsp.a(altera_avalon_jtag_uart_init.o)
 .bss           0x000000000008c0a8        0x0 ../simplified_tcp_bsp/\libhal_bsp.a(altera_avalon_jtag_uart_ioctl.o)
 .bss           0x000000000008c0a8        0x0 ../simplified_tcp_bsp/\libhal_bsp.a(altera_avalon_jtag_uart_read.o)
 .bss           0x000000000008c0a8        0x0 ../simplified_tcp_bsp/\libhal_bsp.a(altera_avalon_jtag_uart_write.o)
 .bss           0x000000000008c0a8        0x0 ../simplified_tcp_bsp/\libhal_bsp.a(altera_avalon_sgdma.o)
 .bss           0x000000000008c0a8        0x0 ../simplified_tcp_bsp/\libhal_bsp.a(altera_avalon_timer_sc.o)
 .bss           0x000000000008c0a8        0x0 ../simplified_tcp_bsp/\libhal_bsp.a(alt_alarm_start.o)
 .bss           0x000000000008c0a8        0x0 ../simplified_tcp_bsp/\libhal_bsp.a(alt_close.o)
 .bss           0x000000000008c0a8        0x0 ../simplified_tcp_bsp/\libhal_bsp.a(alt_dcache_flush.o)
 .bss           0x000000000008c0a8        0x0 ../simplified_tcp_bsp/\libhal_bsp.a(alt_dev.o)
 .bss           0x000000000008c0a8        0x0 ../simplified_tcp_bsp/\libhal_bsp.a(alt_dev_llist_insert.o)
 .bss           0x000000000008c0a8        0x0 ../simplified_tcp_bsp/\libhal_bsp.a(alt_do_ctors.o)
 .bss           0x000000000008c0a8        0x0 ../simplified_tcp_bsp/\libhal_bsp.a(alt_do_dtors.o)
 .bss           0x000000000008c0a8        0x0 ../simplified_tcp_bsp/\libhal_bsp.a(alt_errno.o)
 .bss           0x000000000008c0a8        0x0 ../simplified_tcp_bsp/\libhal_bsp.a(alt_find_dev.o)
 .bss           0x000000000008c0a8        0x0 ../simplified_tcp_bsp/\libhal_bsp.a(alt_icache_flush_all.o)
 .bss           0x000000000008c0a8        0x0 ../simplified_tcp_bsp/\libhal_bsp.a(alt_iic.o)
 .bss           0x000000000008c0a8        0x0 ../simplified_tcp_bsp/\libhal_bsp.a(alt_iic_isr_register.o)
 .bss           0x000000000008c0a8        0x0 ../simplified_tcp_bsp/\libhal_bsp.a(alt_io_redirect.o)
 .bss           0x000000000008c0a8        0x0 ../simplified_tcp_bsp/\libhal_bsp.a(alt_irq_entry.o)
 .bss           0x000000000008c0a8        0x0 ../simplified_tcp_bsp/\libhal_bsp.a(alt_irq_handler.o)
 .bss           0x000000000008c0a8        0x0 ../simplified_tcp_bsp/\libhal_bsp.a(alt_irq_vars.o)
 .bss           0x000000000008c0a8        0x0 ../simplified_tcp_bsp/\libhal_bsp.a(alt_open.o)
 .bss           0x000000000008c0a8        0x0 ../simplified_tcp_bsp/\libhal_bsp.a(alt_release_fd.o)
 .bss           0x000000000008c0a8        0x0 ../simplified_tcp_bsp/\libhal_bsp.a(alt_tick.o)
 .bss           0x000000000008c0a8        0x0 ../simplified_tcp_bsp/\libhal_bsp.a(altera_nios2_gen2_irq.o)
 .bss           0x000000000008c0a8        0x0 ../simplified_tcp_bsp/\libhal_bsp.a(alt_exception_entry.o)
 .bss           0x000000000008c0a8        0x0 ../simplified_tcp_bsp/\libhal_bsp.a(alt_find_file.o)
 .bss           0x000000000008c0a8        0x0 ../simplified_tcp_bsp/\libhal_bsp.a(alt_get_fd.o)
 .bss           0x000000000008c0a8        0x0 ../simplified_tcp_bsp/\libhal_bsp.a(alt_icache_flush.o)
 .bss           0x000000000008c0a8        0x0 ../simplified_tcp_bsp/\libhal_bsp.a(alt_instruction_exception_entry.o)
 .bss           0x000000000008c0a8        0x0 c:/altera/15.0/nios2eds/bin/gnu/h-x86_64-mingw32/bin/../lib/gcc/nios2-elf/4.9.1/../../../../../H-x86_64-mingw32/nios2-elf/lib\libc.a(lib_a-atexit.o)
 .bss           0x000000000008c0a8        0x0 c:/altera/15.0/nios2eds/bin/gnu/h-x86_64-mingw32/bin/../lib/gcc/nios2-elf/4.9.1/../../../../../H-x86_64-mingw32/nios2-elf/lib\libc.a(lib_a-exit.o)
 .bss           0x000000000008c0a8        0x0 c:/altera/15.0/nios2eds/bin/gnu/h-x86_64-mingw32/bin/../lib/gcc/nios2-elf/4.9.1/../../../../../H-x86_64-mingw32/nios2-elf/lib\libc.a(lib_a-impure.o)
 .bss           0x000000000008c0a8        0x0 c:/altera/15.0/nios2eds/bin/gnu/h-x86_64-mingw32/bin/../lib/gcc/nios2-elf/4.9.1/../../../../../H-x86_64-mingw32/nios2-elf/lib\libc.a(lib_a-int_errno.o)
 .bss           0x000000000008c0a8        0x0 c:/altera/15.0/nios2eds/bin/gnu/h-x86_64-mingw32/bin/../lib/gcc/nios2-elf/4.9.1/../../../../../H-x86_64-mingw32/nios2-elf/lib\libc.a(lib_a-memcmp.o)
 .bss           0x000000000008c0a8        0x0 c:/altera/15.0/nios2eds/bin/gnu/h-x86_64-mingw32/bin/../lib/gcc/nios2-elf/4.9.1/../../../../../H-x86_64-mingw32/nios2-elf/lib\libc.a(lib_a-putc.o)
 .bss           0x000000000008c0a8        0x0 c:/altera/15.0/nios2eds/bin/gnu/h-x86_64-mingw32/bin/../lib/gcc/nios2-elf/4.9.1/../../../../../H-x86_64-mingw32/nios2-elf/lib\libc.a(lib_a-strlen.o)
 .bss           0x000000000008c0a8        0x0 c:/altera/15.0/nios2eds/bin/gnu/h-x86_64-mingw32/bin/../lib/gcc/nios2-elf/4.9.1/../../../../../H-x86_64-mingw32/nios2-elf/lib\libc.a(lib_a-wbuf.o)
 .bss           0x000000000008c0a8        0x0 c:/altera/15.0/nios2eds/bin/gnu/h-x86_64-mingw32/bin/../lib/gcc/nios2-elf/4.9.1/../../../../../H-x86_64-mingw32/nios2-elf/lib\libc.a(lib_a-wsetup.o)
 .bss           0x000000000008c0a8        0x0 c:/altera/15.0/nios2eds/bin/gnu/h-x86_64-mingw32/bin/../lib/gcc/nios2-elf/4.9.1/../../../../../H-x86_64-mingw32/nios2-elf/lib\libc.a(lib_a-__atexit.o)
 .bss           0x000000000008c0a8        0x0 c:/altera/15.0/nios2eds/bin/gnu/h-x86_64-mingw32/bin/../lib/gcc/nios2-elf/4.9.1/../../../../../H-x86_64-mingw32/nios2-elf/lib\libc.a(lib_a-__call_atexit.o)
 .bss           0x000000000008c0a8        0x0 c:/altera/15.0/nios2eds/bin/gnu/h-x86_64-mingw32/bin/../lib/gcc/nios2-elf/4.9.1/../../../../../H-x86_64-mingw32/nios2-elf/lib\libc.a(lib_a-fflush.o)
 .bss           0x000000000008c0a8        0x0 c:/altera/15.0/nios2eds/bin/gnu/h-x86_64-mingw32/bin/../lib/gcc/nios2-elf/4.9.1/../../../../../H-x86_64-mingw32/nios2-elf/lib\libc.a(lib_a-findfp.o)
 .bss           0x000000000008c0a8        0x0 c:/altera/15.0/nios2eds/bin/gnu/h-x86_64-mingw32/bin/../lib/gcc/nios2-elf/4.9.1/../../../../../H-x86_64-mingw32/nios2-elf/lib\libc.a(lib_a-freer.o)
 .bss           0x000000000008c0a8        0x0 c:/altera/15.0/nios2eds/bin/gnu/h-x86_64-mingw32/bin/../lib/gcc/nios2-elf/4.9.1/../../../../../H-x86_64-mingw32/nios2-elf/lib\libc.a(lib_a-fwalk.o)
 .bss           0x000000000008c0a8        0x0 c:/altera/15.0/nios2eds/bin/gnu/h-x86_64-mingw32/bin/../lib/gcc/nios2-elf/4.9.1/../../../../../H-x86_64-mingw32/nios2-elf/lib\libc.a(lib_a-makebuf.o)
 .bss           0x000000000008c0a8       0x28 c:/altera/15.0/nios2eds/bin/gnu/h-x86_64-mingw32/bin/../lib/gcc/nios2-elf/4.9.1/../../../../../H-x86_64-mingw32/nios2-elf/lib\libc.a(lib_a-mallocr.o)
                0x000000000008c0a8                __malloc_current_mallinfo
 .bss           0x000000000008c0d0        0x0 c:/altera/15.0/nios2eds/bin/gnu/h-x86_64-mingw32/bin/../lib/gcc/nios2-elf/4.9.1/../../../../../H-x86_64-mingw32/nios2-elf/lib\libc.a(lib_a-sbrkr.o)
 .bss           0x000000000008c0d0        0x0 c:/altera/15.0/nios2eds/bin/gnu/h-x86_64-mingw32/bin/../lib/gcc/nios2-elf/4.9.1/../../../../../H-x86_64-mingw32/nios2-elf/lib\libc.a(lib_a-stdio.o)
 .bss           0x000000000008c0d0        0x0 c:/altera/15.0/nios2eds/bin/gnu/h-x86_64-mingw32/bin/../lib/gcc/nios2-elf/4.9.1/../../../../../H-x86_64-mingw32/nios2-elf/lib\libc.a(lib_a-writer.o)
 .bss           0x000000000008c0d0        0x0 c:/altera/15.0/nios2eds/bin/gnu/h-x86_64-mingw32/bin/../lib/gcc/nios2-elf/4.9.1/../../../../../H-x86_64-mingw32/nios2-elf/lib\libc.a(closer.o)
 .bss           0x000000000008c0d0        0x0 c:/altera/15.0/nios2eds/bin/gnu/h-x86_64-mingw32/bin/../lib/gcc/nios2-elf/4.9.1/../../../../../H-x86_64-mingw32/nios2-elf/lib\libc.a(lib_a-fclose.o)
 .bss           0x000000000008c0d0        0x0 c:/altera/15.0/nios2eds/bin/gnu/h-x86_64-mingw32/bin/../lib/gcc/nios2-elf/4.9.1/../../../../../H-x86_64-mingw32/nios2-elf/lib\libc.a(lib_a-fstatr.o)
 .bss           0x000000000008c0d0        0x0 c:/altera/15.0/nios2eds/bin/gnu/h-x86_64-mingw32/bin/../lib/gcc/nios2-elf/4.9.1/../../../../../H-x86_64-mingw32/nios2-elf/lib\libc.a(lib_a-isattyr.o)
 .bss           0x000000000008c0d0        0x0 c:/altera/15.0/nios2eds/bin/gnu/h-x86_64-mingw32/bin/../lib/gcc/nios2-elf/4.9.1/../../../../../H-x86_64-mingw32/nios2-elf/lib\libc.a(lib_a-lseekr.o)
 .bss           0x000000000008c0d0        0x0 c:/altera/15.0/nios2eds/bin/gnu/h-x86_64-mingw32/bin/../lib/gcc/nios2-elf/4.9.1/../../../../../H-x86_64-mingw32/nios2-elf/lib\libc.a(lib_a-readr.o)
 .bss           0x000000000008c0d0        0x0 ../simplified_tcp_bsp/\libhal_bsp.a(alt_exit.o)
 .bss           0x000000000008c0d0        0x0 ../simplified_tcp_bsp/\libhal_bsp.a(alt_fstat.o)
 .bss           0x000000000008c0d0        0x0 ../simplified_tcp_bsp/\libhal_bsp.a(alt_isatty.o)
 .bss           0x000000000008c0d0        0x0 ../simplified_tcp_bsp/\libhal_bsp.a(alt_lseek.o)
 .bss           0x000000000008c0d0        0x0 ../simplified_tcp_bsp/\libhal_bsp.a(alt_malloc_lock.o)
 .bss           0x000000000008c0d0        0x0 ../simplified_tcp_bsp/\libhal_bsp.a(alt_read.o)
 .bss           0x000000000008c0d0        0x0 ../simplified_tcp_bsp/\libhal_bsp.a(alt_sbrk.o)
 .bss           0x000000000008c0d0        0x0 ../simplified_tcp_bsp/\libhal_bsp.a(alt_write.o)
 *(COMMON)
 COMMON         0x000000000008c0d0       0x2c obj/default/tx_rx.o
                0x000000000008c0d0                TCP
 COMMON         0x000000000008c0fc      0x100 ../simplified_tcp_bsp/\libhal_bsp.a(alt_irq_handler.o)
                0x000000000008c0fc                alt_irq
                0x000000000008c1fc                . = ALIGN (0x4)
                0x000000000008c1fc                __bss_end = ABSOLUTE (.)

.main_memory    0x000000000008c1fc        0x0
                0x000000000008c1fc                PROVIDE (_alt_partition_main_memory_start, ABSOLUTE (.))
 *(.main_memory .main_memory. main_memory.*)
                0x000000000008c1fc                . = ALIGN (0x4)
                0x000000000008c1fc                PROVIDE (_alt_partition_main_memory_end, ABSOLUTE (.))
                0x000000000008c1fc                _end = ABSOLUTE (.)
                0x000000000008c1fc                end = ABSOLUTE (.)
                0x000000000008c1fc                __alt_stack_base = ABSOLUTE (.)
                0x000000000008c1fc                PROVIDE (_alt_partition_main_memory_load_addr, LOADADDR (.main_memory))

.descriptor_memory
                0x0000000000100000       0x80 load address 0x000000000008c1fc
                0x0000000000100000                PROVIDE (_alt_partition_descriptor_memory_start, ABSOLUTE (.))
 *(.descriptor_memory .descriptor_memory. descriptor_memory.*)
 .descriptor_memory
                0x0000000000100000       0x80 obj/default/tx_rx.o
                0x0000000000100000                tx_descriptor
                0x0000000000100020                tx_descriptor_end
                0x0000000000100040                rx_descriptor
                0x0000000000100060                rx_descriptor_end
                0x0000000000100080                . = ALIGN (0x4)
                0x0000000000100080                PROVIDE (_alt_partition_descriptor_memory_end, ABSOLUTE (.))
                0x000000000008c1fc                PROVIDE (_alt_partition_descriptor_memory_load_addr, LOADADDR (.descriptor_memory))

.stab
 *(.stab)

.stabstr
 *(.stabstr)

.stab.excl
 *(.stab.excl)

.stab.exclstr
 *(.stab.exclstr)

.stab.index
 *(.stab.index)

.stab.indexstr
 *(.stab.indexstr)

.comment        0x0000000000000000       0x23
 *(.comment)
 .comment       0x0000000000000000       0x23 obj/default/tx_rx.o
                                         0x24 (size before relaxing)
 .comment       0x0000000000000000       0x24 c:/altera/15.0/nios2eds/bin/gnu/h-x86_64-mingw32/bin/../lib/gcc/nios2-elf/4.9.1/../../../../../H-x86_64-mingw32/nios2-elf/lib\libc.a(lib_a-memcpy.o)
 .comment       0x0000000000000000       0x24 c:/altera/15.0/nios2eds/bin/gnu/h-x86_64-mingw32/bin/../lib/gcc/nios2-elf/4.9.1/../../../../../H-x86_64-mingw32/nios2-elf/lib\libc.a(lib_a-memset.o)
 .comment       0x0000000000000000       0x24 ../simplified_tcp_bsp/\libhal_bsp.a(alt_dcache_flush_all.o)
 .comment       0x0000000000000000       0x24 ../simplified_tcp_bsp/\libhal_bsp.a(alt_load.o)
 .comment       0x0000000000000000       0x24 ../simplified_tcp_bsp/\libhal_bsp.a(alt_main.o)
 .comment       0x0000000000000000       0x24 ../simplified_tcp_bsp/\libhal_bsp.a(alt_printf.o)
 .comment       0x0000000000000000       0x24 ../simplified_tcp_bsp/\libhal_bsp.a(alt_putchar.o)
 .comment       0x0000000000000000       0x24 ../simplified_tcp_bsp/\libhal_bsp.a(alt_sys_init.o)
 .comment       0x0000000000000000       0x24 ../simplified_tcp_bsp/\libhal_bsp.a(altera_avalon_jtag_uart_fd.o)
 .comment       0x0000000000000000       0x24 ../simplified_tcp_bsp/\libhal_bsp.a(altera_avalon_jtag_uart_init.o)
 .comment       0x0000000000000000       0x24 ../simplified_tcp_bsp/\libhal_bsp.a(altera_avalon_jtag_uart_ioctl.o)
 .comment       0x0000000000000000       0x24 ../simplified_tcp_bsp/\libhal_bsp.a(altera_avalon_jtag_uart_read.o)
 .comment       0x0000000000000000       0x24 ../simplified_tcp_bsp/\libhal_bsp.a(altera_avalon_jtag_uart_write.o)
 .comment       0x0000000000000000       0x24 ../simplified_tcp_bsp/\libhal_bsp.a(altera_avalon_sgdma.o)
 .comment       0x0000000000000000       0x24 ../simplified_tcp_bsp/\libhal_bsp.a(altera_avalon_timer_sc.o)
 .comment       0x0000000000000000       0x24 ../simplified_tcp_bsp/\libhal_bsp.a(alt_alarm_start.o)
 .comment       0x0000000000000000       0x24 ../simplified_tcp_bsp/\libhal_bsp.a(alt_close.o)
 .comment       0x0000000000000000       0x24 ../simplified_tcp_bsp/\libhal_bsp.a(alt_dcache_flush.o)
 .comment       0x0000000000000000       0x24 ../simplified_tcp_bsp/\libhal_bsp.a(alt_dev.o)
 .comment       0x0000000000000000       0x24 ../simplified_tcp_bsp/\libhal_bsp.a(alt_dev_llist_insert.o)
 .comment       0x0000000000000000       0x24 ../simplified_tcp_bsp/\libhal_bsp.a(alt_do_ctors.o)
 .comment       0x0000000000000000       0x24 ../simplified_tcp_bsp/\libhal_bsp.a(alt_do_dtors.o)
 .comment       0x0000000000000000       0x24 ../simplified_tcp_bsp/\libhal_bsp.a(alt_errno.o)
 .comment       0x0000000000000000       0x24 ../simplified_tcp_bsp/\libhal_bsp.a(alt_find_dev.o)
 .comment       0x0000000000000000       0x24 ../simplified_tcp_bsp/\libhal_bsp.a(alt_icache_flush_all.o)
 .comment       0x0000000000000000       0x24 ../simplified_tcp_bsp/\libhal_bsp.a(alt_iic.o)
 .comment       0x0000000000000000       0x24 ../simplified_tcp_bsp/\libhal_bsp.a(alt_iic_isr_register.o)
 .comment       0x0000000000000000       0x24 ../simplified_tcp_bsp/\libhal_bsp.a(alt_io_redirect.o)
 .comment       0x0000000000000000       0x24 ../simplified_tcp_bsp/\libhal_bsp.a(alt_irq_handler.o)
 .comment       0x0000000000000000       0x24 ../simplified_tcp_bsp/\libhal_bsp.a(alt_irq_vars.o)
 .comment       0x0000000000000000       0x24 ../simplified_tcp_bsp/\libhal_bsp.a(alt_open.o)
 .comment       0x0000000000000000       0x24 ../simplified_tcp_bsp/\libhal_bsp.a(alt_release_fd.o)
 .comment       0x0000000000000000       0x24 ../simplified_tcp_bsp/\libhal_bsp.a(alt_tick.o)
 .comment       0x0000000000000000       0x24 ../simplified_tcp_bsp/\libhal_bsp.a(altera_nios2_gen2_irq.o)
 .comment       0x0000000000000000       0x24 ../simplified_tcp_bsp/\libhal_bsp.a(alt_find_file.o)
 .comment       0x0000000000000000       0x24 ../simplified_tcp_bsp/\libhal_bsp.a(alt_get_fd.o)
 .comment       0x0000000000000000       0x24 ../simplified_tcp_bsp/\libhal_bsp.a(alt_icache_flush.o)
 .comment       0x0000000000000000       0x24 ../simplified_tcp_bsp/\libhal_bsp.a(alt_instruction_exception_entry.o)
 .comment       0x0000000000000000       0x24 c:/altera/15.0/nios2eds/bin/gnu/h-x86_64-mingw32/bin/../lib/gcc/nios2-elf/4.9.1/../../../../../H-x86_64-mingw32/nios2-elf/lib\libc.a(lib_a-atexit.o)
 .comment       0x0000000000000000       0x24 c:/altera/15.0/nios2eds/bin/gnu/h-x86_64-mingw32/bin/../lib/gcc/nios2-elf/4.9.1/../../../../../H-x86_64-mingw32/nios2-elf/lib\libc.a(lib_a-exit.o)
 .comment       0x0000000000000000       0x24 c:/altera/15.0/nios2eds/bin/gnu/h-x86_64-mingw32/bin/../lib/gcc/nios2-elf/4.9.1/../../../../../H-x86_64-mingw32/nios2-elf/lib\libc.a(lib_a-impure.o)
 .comment       0x0000000000000000       0x24 c:/altera/15.0/nios2eds/bin/gnu/h-x86_64-mingw32/bin/../lib/gcc/nios2-elf/4.9.1/../../../../../H-x86_64-mingw32/nios2-elf/lib\libc.a(lib_a-int_errno.o)
 .comment       0x0000000000000000       0x24 c:/altera/15.0/nios2eds/bin/gnu/h-x86_64-mingw32/bin/../lib/gcc/nios2-elf/4.9.1/../../../../../H-x86_64-mingw32/nios2-elf/lib\libc.a(lib_a-memcmp.o)
 .comment       0x0000000000000000       0x24 c:/altera/15.0/nios2eds/bin/gnu/h-x86_64-mingw32/bin/../lib/gcc/nios2-elf/4.9.1/../../../../../H-x86_64-mingw32/nios2-elf/lib\libc.a(lib_a-putc.o)
 .comment       0x0000000000000000       0x24 c:/altera/15.0/nios2eds/bin/gnu/h-x86_64-mingw32/bin/../lib/gcc/nios2-elf/4.9.1/../../../../../H-x86_64-mingw32/nios2-elf/lib\libc.a(lib_a-strlen.o)
 .comment       0x0000000000000000       0x24 c:/altera/15.0/nios2eds/bin/gnu/h-x86_64-mingw32/bin/../lib/gcc/nios2-elf/4.9.1/../../../../../H-x86_64-mingw32/nios2-elf/lib\libc.a(lib_a-wbuf.o)
 .comment       0x0000000000000000       0x24 c:/altera/15.0/nios2eds/bin/gnu/h-x86_64-mingw32/bin/../lib/gcc/nios2-elf/4.9.1/../../../../../H-x86_64-mingw32/nios2-elf/lib\libc.a(lib_a-wsetup.o)
 .comment       0x0000000000000000       0x24 c:/altera/15.0/nios2eds/bin/gnu/h-x86_64-mingw32/bin/../lib/gcc/nios2-elf/4.9.1/../../../../../H-x86_64-mingw32/nios2-elf/lib\libc.a(lib_a-__atexit.o)
 .comment       0x0000000000000000       0x24 c:/altera/15.0/nios2eds/bin/gnu/h-x86_64-mingw32/bin/../lib/gcc/nios2-elf/4.9.1/../../../../../H-x86_64-mingw32/nios2-elf/lib\libc.a(lib_a-__call_atexit.o)
 .comment       0x0000000000000000       0x24 c:/altera/15.0/nios2eds/bin/gnu/h-x86_64-mingw32/bin/../lib/gcc/nios2-elf/4.9.1/../../../../../H-x86_64-mingw32/nios2-elf/lib\libc.a(lib_a-fflush.o)
 .comment       0x0000000000000000       0x24 c:/altera/15.0/nios2eds/bin/gnu/h-x86_64-mingw32/bin/../lib/gcc/nios2-elf/4.9.1/../../../../../H-x86_64-mingw32/nios2-elf/lib\libc.a(lib_a-findfp.o)
 .comment       0x0000000000000000       0x24 c:/altera/15.0/nios2eds/bin/gnu/h-x86_64-mingw32/bin/../lib/gcc/nios2-elf/4.9.1/../../../../../H-x86_64-mingw32/nios2-elf/lib\libc.a(lib_a-freer.o)
 .comment       0x0000000000000000       0x24 c:/altera/15.0/nios2eds/bin/gnu/h-x86_64-mingw32/bin/../lib/gcc/nios2-elf/4.9.1/../../../../../H-x86_64-mingw32/nios2-elf/lib\libc.a(lib_a-fwalk.o)
 .comment       0x0000000000000000       0x24 c:/altera/15.0/nios2eds/bin/gnu/h-x86_64-mingw32/bin/../lib/gcc/nios2-elf/4.9.1/../../../../../H-x86_64-mingw32/nios2-elf/lib\libc.a(lib_a-makebuf.o)
 .comment       0x0000000000000000       0x24 c:/altera/15.0/nios2eds/bin/gnu/h-x86_64-mingw32/bin/../lib/gcc/nios2-elf/4.9.1/../../../../../H-x86_64-mingw32/nios2-elf/lib\libc.a(lib_a-mallocr.o)
 .comment       0x0000000000000000       0x24 c:/altera/15.0/nios2eds/bin/gnu/h-x86_64-mingw32/bin/../lib/gcc/nios2-elf/4.9.1/../../../../../H-x86_64-mingw32/nios2-elf/lib\libc.a(lib_a-sbrkr.o)
 .comment       0x0000000000000000       0x24 c:/altera/15.0/nios2eds/bin/gnu/h-x86_64-mingw32/bin/../lib/gcc/nios2-elf/4.9.1/../../../../../H-x86_64-mingw32/nios2-elf/lib\libc.a(lib_a-stdio.o)
 .comment       0x0000000000000000       0x24 c:/altera/15.0/nios2eds/bin/gnu/h-x86_64-mingw32/bin/../lib/gcc/nios2-elf/4.9.1/../../../../../H-x86_64-mingw32/nios2-elf/lib\libc.a(lib_a-writer.o)
 .comment       0x0000000000000000       0x24 c:/altera/15.0/nios2eds/bin/gnu/h-x86_64-mingw32/bin/../lib/gcc/nios2-elf/4.9.1/../../../../../H-x86_64-mingw32/nios2-elf/lib\libc.a(closer.o)
 .comment       0x0000000000000000       0x24 c:/altera/15.0/nios2eds/bin/gnu/h-x86_64-mingw32/bin/../lib/gcc/nios2-elf/4.9.1/../../../../../H-x86_64-mingw32/nios2-elf/lib\libc.a(lib_a-fclose.o)
 .comment       0x0000000000000000       0x24 c:/altera/15.0/nios2eds/bin/gnu/h-x86_64-mingw32/bin/../lib/gcc/nios2-elf/4.9.1/../../../../../H-x86_64-mingw32/nios2-elf/lib\libc.a(lib_a-fstatr.o)
 .comment       0x0000000000000000       0x24 c:/altera/15.0/nios2eds/bin/gnu/h-x86_64-mingw32/bin/../lib/gcc/nios2-elf/4.9.1/../../../../../H-x86_64-mingw32/nios2-elf/lib\libc.a(lib_a-isattyr.o)
 .comment       0x0000000000000000       0x24 c:/altera/15.0/nios2eds/bin/gnu/h-x86_64-mingw32/bin/../lib/gcc/nios2-elf/4.9.1/../../../../../H-x86_64-mingw32/nios2-elf/lib\libc.a(lib_a-lseekr.o)
 .comment       0x0000000000000000       0x24 c:/altera/15.0/nios2eds/bin/gnu/h-x86_64-mingw32/bin/../lib/gcc/nios2-elf/4.9.1/../../../../../H-x86_64-mingw32/nios2-elf/lib\libc.a(lib_a-readr.o)
 .comment       0x0000000000000000       0x24 ../simplified_tcp_bsp/\libhal_bsp.a(alt_exit.o)
 .comment       0x0000000000000000       0x24 ../simplified_tcp_bsp/\libhal_bsp.a(alt_fstat.o)
 .comment       0x0000000000000000       0x24 ../simplified_tcp_bsp/\libhal_bsp.a(alt_isatty.o)
 .comment       0x0000000000000000       0x24 ../simplified_tcp_bsp/\libhal_bsp.a(alt_lseek.o)
 .comment       0x0000000000000000       0x24 ../simplified_tcp_bsp/\libhal_bsp.a(alt_malloc_lock.o)
 .comment       0x0000000000000000       0x24 ../simplified_tcp_bsp/\libhal_bsp.a(alt_read.o)
 .comment       0x0000000000000000       0x24 ../simplified_tcp_bsp/\libhal_bsp.a(alt_sbrk.o)
 .comment       0x0000000000000000       0x24 ../simplified_tcp_bsp/\libhal_bsp.a(alt_write.o)

.debug
 *(.debug)

.line
 *(.line)

.debug_srcinfo
 *(.debug_srcinfo)

.debug_sfnames
 *(.debug_sfnames)

.debug_aranges  0x0000000000000000      0x998
 *(.debug_aranges)
 .debug_aranges
                0x0000000000000000       0x28 ../simplified_tcp_bsp//obj/HAL/src/crt0.o
 .debug_aranges
                0x0000000000000028       0x20 obj/default/tx_rx.o
 .debug_aranges
                0x0000000000000048       0x20 c:/altera/15.0/nios2eds/bin/gnu/h-x86_64-mingw32/bin/../lib/gcc/nios2-elf/4.9.1/../../../../../H-x86_64-mingw32/nios2-elf/lib\libc.a(lib_a-memcpy.o)
 .debug_aranges
                0x0000000000000068       0x20 c:/altera/15.0/nios2eds/bin/gnu/h-x86_64-mingw32/bin/../lib/gcc/nios2-elf/4.9.1/../../../../../H-x86_64-mingw32/nios2-elf/lib\libc.a(lib_a-memset.o)
 .debug_aranges
                0x0000000000000088       0x20 ../simplified_tcp_bsp/\libhal_bsp.a(alt_dcache_flush_all.o)
 .debug_aranges
                0x00000000000000a8       0x20 ../simplified_tcp_bsp/\libhal_bsp.a(alt_load.o)
 .debug_aranges
                0x00000000000000c8       0x20 ../simplified_tcp_bsp/\libhal_bsp.a(alt_main.o)
 .debug_aranges
                0x00000000000000e8       0x20 ../simplified_tcp_bsp/\libhal_bsp.a(alt_printf.o)
 .debug_aranges
                0x0000000000000108       0x20 ../simplified_tcp_bsp/\libhal_bsp.a(alt_putchar.o)
 .debug_aranges
                0x0000000000000128       0x20 ../simplified_tcp_bsp/\libhal_bsp.a(alt_sys_init.o)
 .debug_aranges
                0x0000000000000148       0x20 ../simplified_tcp_bsp/\libhal_bsp.a(altera_avalon_jtag_uart_fd.o)
 .debug_aranges
                0x0000000000000168       0x20 ../simplified_tcp_bsp/\libhal_bsp.a(altera_avalon_jtag_uart_init.o)
 .debug_aranges
                0x0000000000000188       0x20 ../simplified_tcp_bsp/\libhal_bsp.a(altera_avalon_jtag_uart_ioctl.o)
 .debug_aranges
                0x00000000000001a8       0x20 ../simplified_tcp_bsp/\libhal_bsp.a(altera_avalon_jtag_uart_read.o)
 .debug_aranges
                0x00000000000001c8       0x20 ../simplified_tcp_bsp/\libhal_bsp.a(altera_avalon_jtag_uart_write.o)
 .debug_aranges
                0x00000000000001e8       0x20 ../simplified_tcp_bsp/\libhal_bsp.a(altera_avalon_sgdma.o)
 .debug_aranges
                0x0000000000000208       0x20 ../simplified_tcp_bsp/\libhal_bsp.a(altera_avalon_timer_sc.o)
 .debug_aranges
                0x0000000000000228       0x20 ../simplified_tcp_bsp/\libhal_bsp.a(alt_alarm_start.o)
 .debug_aranges
                0x0000000000000248       0x20 ../simplified_tcp_bsp/\libhal_bsp.a(alt_close.o)
 .debug_aranges
                0x0000000000000268       0x20 ../simplified_tcp_bsp/\libhal_bsp.a(alt_dcache_flush.o)
 .debug_aranges
                0x0000000000000288       0x20 ../simplified_tcp_bsp/\libhal_bsp.a(alt_dev.o)
 .debug_aranges
                0x00000000000002a8       0x20 ../simplified_tcp_bsp/\libhal_bsp.a(alt_dev_llist_insert.o)
 .debug_aranges
                0x00000000000002c8       0x20 ../simplified_tcp_bsp/\libhal_bsp.a(alt_do_ctors.o)
 .debug_aranges
                0x00000000000002e8       0x20 ../simplified_tcp_bsp/\libhal_bsp.a(alt_do_dtors.o)
 .debug_aranges
                0x0000000000000308       0x18 ../simplified_tcp_bsp/\libhal_bsp.a(alt_errno.o)
 .debug_aranges
                0x0000000000000320       0x20 ../simplified_tcp_bsp/\libhal_bsp.a(alt_find_dev.o)
 .debug_aranges
                0x0000000000000340       0x20 ../simplified_tcp_bsp/\libhal_bsp.a(alt_icache_flush_all.o)
 .debug_aranges
                0x0000000000000360       0x20 ../simplified_tcp_bsp/\libhal_bsp.a(alt_iic.o)
 .debug_aranges
                0x0000000000000380       0x20 ../simplified_tcp_bsp/\libhal_bsp.a(alt_iic_isr_register.o)
 .debug_aranges
                0x00000000000003a0       0x20 ../simplified_tcp_bsp/\libhal_bsp.a(alt_io_redirect.o)
 .debug_aranges
                0x00000000000003c0       0x30 ../simplified_tcp_bsp/\libhal_bsp.a(alt_irq_entry.o)
 .debug_aranges
                0x00000000000003f0       0x20 ../simplified_tcp_bsp/\libhal_bsp.a(alt_irq_handler.o)
 .debug_aranges
                0x0000000000000410       0x18 ../simplified_tcp_bsp/\libhal_bsp.a(alt_irq_vars.o)
 .debug_aranges
                0x0000000000000428       0x20 ../simplified_tcp_bsp/\libhal_bsp.a(alt_open.o)
 .debug_aranges
                0x0000000000000448       0x20 ../simplified_tcp_bsp/\libhal_bsp.a(alt_release_fd.o)
 .debug_aranges
                0x0000000000000468       0x20 ../simplified_tcp_bsp/\libhal_bsp.a(alt_tick.o)
 .debug_aranges
                0x0000000000000488       0x20 ../simplified_tcp_bsp/\libhal_bsp.a(altera_nios2_gen2_irq.o)
 .debug_aranges
                0x00000000000004a8       0x38 ../simplified_tcp_bsp/\libhal_bsp.a(alt_exception_entry.o)
 .debug_aranges
                0x00000000000004e0       0x20 ../simplified_tcp_bsp/\libhal_bsp.a(alt_find_file.o)
 .debug_aranges
                0x0000000000000500       0x20 ../simplified_tcp_bsp/\libhal_bsp.a(alt_get_fd.o)
 .debug_aranges
                0x0000000000000520       0x20 ../simplified_tcp_bsp/\libhal_bsp.a(alt_icache_flush.o)
 .debug_aranges
                0x0000000000000540       0x28 ../simplified_tcp_bsp/\libhal_bsp.a(alt_instruction_exception_entry.o)
 .debug_aranges
                0x0000000000000568       0x20 c:/altera/15.0/nios2eds/bin/gnu/h-x86_64-mingw32/bin/../lib/gcc/nios2-elf/4.9.1/../../../../../H-x86_64-mingw32/nios2-elf/lib\libc.a(lib_a-atexit.o)
 .debug_aranges
                0x0000000000000588       0x20 c:/altera/15.0/nios2eds/bin/gnu/h-x86_64-mingw32/bin/../lib/gcc/nios2-elf/4.9.1/../../../../../H-x86_64-mingw32/nios2-elf/lib\libc.a(lib_a-exit.o)
 .debug_aranges
                0x00000000000005a8       0x18 c:/altera/15.0/nios2eds/bin/gnu/h-x86_64-mingw32/bin/../lib/gcc/nios2-elf/4.9.1/../../../../../H-x86_64-mingw32/nios2-elf/lib\libc.a(lib_a-impure.o)
 .debug_aranges
                0x00000000000005c0       0x18 c:/altera/15.0/nios2eds/bin/gnu/h-x86_64-mingw32/bin/../lib/gcc/nios2-elf/4.9.1/../../../../../H-x86_64-mingw32/nios2-elf/lib\libc.a(lib_a-int_errno.o)
 .debug_aranges
                0x00000000000005d8       0x20 c:/altera/15.0/nios2eds/bin/gnu/h-x86_64-mingw32/bin/../lib/gcc/nios2-elf/4.9.1/../../../../../H-x86_64-mingw32/nios2-elf/lib\libc.a(lib_a-memcmp.o)
 .debug_aranges
                0x00000000000005f8       0x20 c:/altera/15.0/nios2eds/bin/gnu/h-x86_64-mingw32/bin/../lib/gcc/nios2-elf/4.9.1/../../../../../H-x86_64-mingw32/nios2-elf/lib\libc.a(lib_a-putc.o)
 .debug_aranges
                0x0000000000000618       0x20 c:/altera/15.0/nios2eds/bin/gnu/h-x86_64-mingw32/bin/../lib/gcc/nios2-elf/4.9.1/../../../../../H-x86_64-mingw32/nios2-elf/lib\libc.a(lib_a-strlen.o)
 .debug_aranges
                0x0000000000000638       0x20 c:/altera/15.0/nios2eds/bin/gnu/h-x86_64-mingw32/bin/../lib/gcc/nios2-elf/4.9.1/../../../../../H-x86_64-mingw32/nios2-elf/lib\libc.a(lib_a-wbuf.o)
 .debug_aranges
                0x0000000000000658       0x20 c:/altera/15.0/nios2eds/bin/gnu/h-x86_64-mingw32/bin/../lib/gcc/nios2-elf/4.9.1/../../../../../H-x86_64-mingw32/nios2-elf/lib\libc.a(lib_a-wsetup.o)
 .debug_aranges
                0x0000000000000678       0x20 c:/altera/15.0/nios2eds/bin/gnu/h-x86_64-mingw32/bin/../lib/gcc/nios2-elf/4.9.1/../../../../../H-x86_64-mingw32/nios2-elf/lib\libc.a(lib_a-__atexit.o)
 .debug_aranges
                0x0000000000000698       0x20 c:/altera/15.0/nios2eds/bin/gnu/h-x86_64-mingw32/bin/../lib/gcc/nios2-elf/4.9.1/../../../../../H-x86_64-mingw32/nios2-elf/lib\libc.a(lib_a-__call_atexit.o)
 .debug_aranges
                0x00000000000006b8       0x20 c:/altera/15.0/nios2eds/bin/gnu/h-x86_64-mingw32/bin/../lib/gcc/nios2-elf/4.9.1/../../../../../H-x86_64-mingw32/nios2-elf/lib\libc.a(lib_a-fflush.o)
 .debug_aranges
                0x00000000000006d8       0x20 c:/altera/15.0/nios2eds/bin/gnu/h-x86_64-mingw32/bin/../lib/gcc/nios2-elf/4.9.1/../../../../../H-x86_64-mingw32/nios2-elf/lib\libc.a(lib_a-findfp.o)
 .debug_aranges
                0x00000000000006f8       0x20 c:/altera/15.0/nios2eds/bin/gnu/h-x86_64-mingw32/bin/../lib/gcc/nios2-elf/4.9.1/../../../../../H-x86_64-mingw32/nios2-elf/lib\libc.a(lib_a-freer.o)
 .debug_aranges
                0x0000000000000718       0x20 c:/altera/15.0/nios2eds/bin/gnu/h-x86_64-mingw32/bin/../lib/gcc/nios2-elf/4.9.1/../../../../../H-x86_64-mingw32/nios2-elf/lib\libc.a(lib_a-fwalk.o)
 .debug_aranges
                0x0000000000000738       0x20 c:/altera/15.0/nios2eds/bin/gnu/h-x86_64-mingw32/bin/../lib/gcc/nios2-elf/4.9.1/../../../../../H-x86_64-mingw32/nios2-elf/lib\libc.a(lib_a-makebuf.o)
 .debug_aranges
                0x0000000000000758       0x20 c:/altera/15.0/nios2eds/bin/gnu/h-x86_64-mingw32/bin/../lib/gcc/nios2-elf/4.9.1/../../../../../H-x86_64-mingw32/nios2-elf/lib\libc.a(lib_a-mallocr.o)
 .debug_aranges
                0x0000000000000778       0x20 c:/altera/15.0/nios2eds/bin/gnu/h-x86_64-mingw32/bin/../lib/gcc/nios2-elf/4.9.1/../../../../../H-x86_64-mingw32/nios2-elf/lib\libc.a(lib_a-sbrkr.o)
 .debug_aranges
                0x0000000000000798       0x20 c:/altera/15.0/nios2eds/bin/gnu/h-x86_64-mingw32/bin/../lib/gcc/nios2-elf/4.9.1/../../../../../H-x86_64-mingw32/nios2-elf/lib\libc.a(lib_a-stdio.o)
 .debug_aranges
                0x00000000000007b8       0x20 c:/altera/15.0/nios2eds/bin/gnu/h-x86_64-mingw32/bin/../lib/gcc/nios2-elf/4.9.1/../../../../../H-x86_64-mingw32/nios2-elf/lib\libc.a(lib_a-writer.o)
 .debug_aranges
                0x00000000000007d8       0x20 c:/altera/15.0/nios2eds/bin/gnu/h-x86_64-mingw32/bin/../lib/gcc/nios2-elf/4.9.1/../../../../../H-x86_64-mingw32/nios2-elf/lib\libc.a(closer.o)
 .debug_aranges
                0x00000000000007f8       0x20 c:/altera/15.0/nios2eds/bin/gnu/h-x86_64-mingw32/bin/../lib/gcc/nios2-elf/4.9.1/../../../../../H-x86_64-mingw32/nios2-elf/lib\libc.a(lib_a-fclose.o)
 .debug_aranges
                0x0000000000000818       0x20 c:/altera/15.0/nios2eds/bin/gnu/h-x86_64-mingw32/bin/../lib/gcc/nios2-elf/4.9.1/../../../../../H-x86_64-mingw32/nios2-elf/lib\libc.a(lib_a-fstatr.o)
 .debug_aranges
                0x0000000000000838       0x20 c:/altera/15.0/nios2eds/bin/gnu/h-x86_64-mingw32/bin/../lib/gcc/nios2-elf/4.9.1/../../../../../H-x86_64-mingw32/nios2-elf/lib\libc.a(lib_a-isattyr.o)
 .debug_aranges
                0x0000000000000858       0x20 c:/altera/15.0/nios2eds/bin/gnu/h-x86_64-mingw32/bin/../lib/gcc/nios2-elf/4.9.1/../../../../../H-x86_64-mingw32/nios2-elf/lib\libc.a(lib_a-lseekr.o)
 .debug_aranges
                0x0000000000000878       0x20 c:/altera/15.0/nios2eds/bin/gnu/h-x86_64-mingw32/bin/../lib/gcc/nios2-elf/4.9.1/../../../../../H-x86_64-mingw32/nios2-elf/lib\libc.a(lib_a-readr.o)
 .debug_aranges
                0x0000000000000898       0x20 ../simplified_tcp_bsp/\libhal_bsp.a(alt_exit.o)
 .debug_aranges
                0x00000000000008b8       0x20 ../simplified_tcp_bsp/\libhal_bsp.a(alt_fstat.o)
 .debug_aranges
                0x00000000000008d8       0x20 ../simplified_tcp_bsp/\libhal_bsp.a(alt_isatty.o)
 .debug_aranges
                0x00000000000008f8       0x20 ../simplified_tcp_bsp/\libhal_bsp.a(alt_lseek.o)
 .debug_aranges
                0x0000000000000918       0x20 ../simplified_tcp_bsp/\libhal_bsp.a(alt_malloc_lock.o)
 .debug_aranges
                0x0000000000000938       0x20 ../simplified_tcp_bsp/\libhal_bsp.a(alt_read.o)
 .debug_aranges
                0x0000000000000958       0x20 ../simplified_tcp_bsp/\libhal_bsp.a(alt_sbrk.o)
 .debug_aranges
                0x0000000000000978       0x20 ../simplified_tcp_bsp/\libhal_bsp.a(alt_write.o)

.debug_pubnames
 *(.debug_pubnames)

.debug_info     0x0000000000000000    0x16aaf
 *(.debug_info .gnu.linkonce.wi.*)
 .debug_info    0x0000000000000000       0x62 ../simplified_tcp_bsp//obj/HAL/src/crt0.o
 .debug_info    0x0000000000000062      0x4df obj/default/tx_rx.o
 .debug_info    0x0000000000000541      0x133 c:/altera/15.0/nios2eds/bin/gnu/h-x86_64-mingw32/bin/../lib/gcc/nios2-elf/4.9.1/../../../../../H-x86_64-mingw32/nios2-elf/lib\libc.a(lib_a-memcpy.o)
 .debug_info    0x0000000000000674      0x11a c:/altera/15.0/nios2eds/bin/gnu/h-x86_64-mingw32/bin/../lib/gcc/nios2-elf/4.9.1/../../../../../H-x86_64-mingw32/nios2-elf/lib\libc.a(lib_a-memset.o)
 .debug_info    0x000000000000078e       0x9e ../simplified_tcp_bsp/\libhal_bsp.a(alt_dcache_flush_all.o)
 .debug_info    0x000000000000082c      0x13e ../simplified_tcp_bsp/\libhal_bsp.a(alt_load.o)
 .debug_info    0x000000000000096a      0x12a ../simplified_tcp_bsp/\libhal_bsp.a(alt_main.o)
 .debug_info    0x0000000000000a94      0x119 ../simplified_tcp_bsp/\libhal_bsp.a(alt_printf.o)
 .debug_info    0x0000000000000bad      0x88f ../simplified_tcp_bsp/\libhal_bsp.a(alt_putchar.o)
 .debug_info    0x000000000000143c      0x667 ../simplified_tcp_bsp/\libhal_bsp.a(alt_sys_init.o)
 .debug_info    0x0000000000001aa3      0x527 ../simplified_tcp_bsp/\libhal_bsp.a(altera_avalon_jtag_uart_fd.o)
 .debug_info    0x0000000000001fca      0x3a1 ../simplified_tcp_bsp/\libhal_bsp.a(altera_avalon_jtag_uart_init.o)
 .debug_info    0x000000000000236b      0x279 ../simplified_tcp_bsp/\libhal_bsp.a(altera_avalon_jtag_uart_ioctl.o)
 .debug_info    0x00000000000025e4      0x342 ../simplified_tcp_bsp/\libhal_bsp.a(altera_avalon_jtag_uart_read.o)
 .debug_info    0x0000000000002926      0x339 ../simplified_tcp_bsp/\libhal_bsp.a(altera_avalon_jtag_uart_write.o)
 .debug_info    0x0000000000002c5f      0xa7b ../simplified_tcp_bsp/\libhal_bsp.a(altera_avalon_sgdma.o)
 .debug_info    0x00000000000036da      0x21f ../simplified_tcp_bsp/\libhal_bsp.a(altera_avalon_timer_sc.o)
 .debug_info    0x00000000000038f9      0x2c5 ../simplified_tcp_bsp/\libhal_bsp.a(alt_alarm_start.o)
 .debug_info    0x0000000000003bbe      0x31a ../simplified_tcp_bsp/\libhal_bsp.a(alt_close.o)
 .debug_info    0x0000000000003ed8       0xd5 ../simplified_tcp_bsp/\libhal_bsp.a(alt_dcache_flush.o)
 .debug_info    0x0000000000003fad      0x495 ../simplified_tcp_bsp/\libhal_bsp.a(alt_dev.o)
 .debug_info    0x0000000000004442      0x1a2 ../simplified_tcp_bsp/\libhal_bsp.a(alt_dev_llist_insert.o)
 .debug_info    0x00000000000045e4       0x83 ../simplified_tcp_bsp/\libhal_bsp.a(alt_do_ctors.o)
 .debug_info    0x0000000000004667       0x83 ../simplified_tcp_bsp/\libhal_bsp.a(alt_do_dtors.o)
 .debug_info    0x00000000000046ea       0x9f ../simplified_tcp_bsp/\libhal_bsp.a(alt_errno.o)
 .debug_info    0x0000000000004789      0x2e2 ../simplified_tcp_bsp/\libhal_bsp.a(alt_find_dev.o)
 .debug_info    0x0000000000004a6b       0x8b ../simplified_tcp_bsp/\libhal_bsp.a(alt_icache_flush_all.o)
 .debug_info    0x0000000000004af6      0x349 ../simplified_tcp_bsp/\libhal_bsp.a(alt_iic.o)
 .debug_info    0x0000000000004e3f      0x1e8 ../simplified_tcp_bsp/\libhal_bsp.a(alt_iic_isr_register.o)
 .debug_info    0x0000000000005027      0x49e ../simplified_tcp_bsp/\libhal_bsp.a(alt_io_redirect.o)
 .debug_info    0x00000000000054c5       0x6b ../simplified_tcp_bsp/\libhal_bsp.a(alt_irq_entry.o)
 .debug_info    0x0000000000005530      0x180 ../simplified_tcp_bsp/\libhal_bsp.a(alt_irq_handler.o)
 .debug_info    0x00000000000056b0       0x88 ../simplified_tcp_bsp/\libhal_bsp.a(alt_irq_vars.o)
 .debug_info    0x0000000000005738      0x3b4 ../simplified_tcp_bsp/\libhal_bsp.a(alt_open.o)
 .debug_info    0x0000000000005aec      0x2b0 ../simplified_tcp_bsp/\libhal_bsp.a(alt_release_fd.o)
 .debug_info    0x0000000000005d9c      0x292 ../simplified_tcp_bsp/\libhal_bsp.a(alt_tick.o)
 .debug_info    0x000000000000602e       0x8b ../simplified_tcp_bsp/\libhal_bsp.a(altera_nios2_gen2_irq.o)
 .debug_info    0x00000000000060b9       0x71 ../simplified_tcp_bsp/\libhal_bsp.a(alt_exception_entry.o)
 .debug_info    0x000000000000612a      0x2df ../simplified_tcp_bsp/\libhal_bsp.a(alt_find_file.o)
 .debug_info    0x0000000000006409      0x309 ../simplified_tcp_bsp/\libhal_bsp.a(alt_get_fd.o)
 .debug_info    0x0000000000006712       0xd5 ../simplified_tcp_bsp/\libhal_bsp.a(alt_icache_flush.o)
 .debug_info    0x00000000000067e7      0x1d8 ../simplified_tcp_bsp/\libhal_bsp.a(alt_instruction_exception_entry.o)
 .debug_info    0x00000000000069bf      0x10a c:/altera/15.0/nios2eds/bin/gnu/h-x86_64-mingw32/bin/../lib/gcc/nios2-elf/4.9.1/../../../../../H-x86_64-mingw32/nios2-elf/lib\libc.a(lib_a-atexit.o)
 .debug_info    0x0000000000006ac9      0x8df c:/altera/15.0/nios2eds/bin/gnu/h-x86_64-mingw32/bin/../lib/gcc/nios2-elf/4.9.1/../../../../../H-x86_64-mingw32/nios2-elf/lib\libc.a(lib_a-exit.o)
 .debug_info    0x00000000000073a8      0x88f c:/altera/15.0/nios2eds/bin/gnu/h-x86_64-mingw32/bin/../lib/gcc/nios2-elf/4.9.1/../../../../../H-x86_64-mingw32/nios2-elf/lib\libc.a(lib_a-impure.o)
 .debug_info    0x0000000000007c37       0x83 c:/altera/15.0/nios2eds/bin/gnu/h-x86_64-mingw32/bin/../lib/gcc/nios2-elf/4.9.1/../../../../../H-x86_64-mingw32/nios2-elf/lib\libc.a(lib_a-int_errno.o)
 .debug_info    0x0000000000007cba      0x113 c:/altera/15.0/nios2eds/bin/gnu/h-x86_64-mingw32/bin/../lib/gcc/nios2-elf/4.9.1/../../../../../H-x86_64-mingw32/nios2-elf/lib\libc.a(lib_a-memcmp.o)
 .debug_info    0x0000000000007dcd      0x977 c:/altera/15.0/nios2eds/bin/gnu/h-x86_64-mingw32/bin/../lib/gcc/nios2-elf/4.9.1/../../../../../H-x86_64-mingw32/nios2-elf/lib\libc.a(lib_a-putc.o)
 .debug_info    0x0000000000008744       0xdb c:/altera/15.0/nios2eds/bin/gnu/h-x86_64-mingw32/bin/../lib/gcc/nios2-elf/4.9.1/../../../../../H-x86_64-mingw32/nios2-elf/lib\libc.a(lib_a-strlen.o)
 .debug_info    0x000000000000881f      0x9b2 c:/altera/15.0/nios2eds/bin/gnu/h-x86_64-mingw32/bin/../lib/gcc/nios2-elf/4.9.1/../../../../../H-x86_64-mingw32/nios2-elf/lib\libc.a(lib_a-wbuf.o)
 .debug_info    0x00000000000091d1      0x91d c:/altera/15.0/nios2eds/bin/gnu/h-x86_64-mingw32/bin/../lib/gcc/nios2-elf/4.9.1/../../../../../H-x86_64-mingw32/nios2-elf/lib\libc.a(lib_a-wsetup.o)
 .debug_info    0x0000000000009aee      0x93b c:/altera/15.0/nios2eds/bin/gnu/h-x86_64-mingw32/bin/../lib/gcc/nios2-elf/4.9.1/../../../../../H-x86_64-mingw32/nios2-elf/lib\libc.a(lib_a-__atexit.o)
 .debug_info    0x000000000000a429      0x948 c:/altera/15.0/nios2eds/bin/gnu/h-x86_64-mingw32/bin/../lib/gcc/nios2-elf/4.9.1/../../../../../H-x86_64-mingw32/nios2-elf/lib\libc.a(lib_a-__call_atexit.o)
 .debug_info    0x000000000000ad71      0xa3a c:/altera/15.0/nios2eds/bin/gnu/h-x86_64-mingw32/bin/../lib/gcc/nios2-elf/4.9.1/../../../../../H-x86_64-mingw32/nios2-elf/lib\libc.a(lib_a-fflush.o)
 .debug_info    0x000000000000b7ab      0xd38 c:/altera/15.0/nios2eds/bin/gnu/h-x86_64-mingw32/bin/../lib/gcc/nios2-elf/4.9.1/../../../../../H-x86_64-mingw32/nios2-elf/lib\libc.a(lib_a-findfp.o)
 .debug_info    0x000000000000c4e3      0xc02 c:/altera/15.0/nios2eds/bin/gnu/h-x86_64-mingw32/bin/../lib/gcc/nios2-elf/4.9.1/../../../../../H-x86_64-mingw32/nios2-elf/lib\libc.a(lib_a-freer.o)
 .debug_info    0x000000000000d0e5      0xab7 c:/altera/15.0/nios2eds/bin/gnu/h-x86_64-mingw32/bin/../lib/gcc/nios2-elf/4.9.1/../../../../../H-x86_64-mingw32/nios2-elf/lib\libc.a(lib_a-fwalk.o)
 .debug_info    0x000000000000db9c      0xaff c:/altera/15.0/nios2eds/bin/gnu/h-x86_64-mingw32/bin/../lib/gcc/nios2-elf/4.9.1/../../../../../H-x86_64-mingw32/nios2-elf/lib\libc.a(lib_a-makebuf.o)
 .debug_info    0x000000000000e69b      0xd71 c:/altera/15.0/nios2eds/bin/gnu/h-x86_64-mingw32/bin/../lib/gcc/nios2-elf/4.9.1/../../../../../H-x86_64-mingw32/nios2-elf/lib\libc.a(lib_a-mallocr.o)
 .debug_info    0x000000000000f40c      0x8ef c:/altera/15.0/nios2eds/bin/gnu/h-x86_64-mingw32/bin/../lib/gcc/nios2-elf/4.9.1/../../../../../H-x86_64-mingw32/nios2-elf/lib\libc.a(lib_a-sbrkr.o)
 .debug_info    0x000000000000fcfb      0xb83 c:/altera/15.0/nios2eds/bin/gnu/h-x86_64-mingw32/bin/../lib/gcc/nios2-elf/4.9.1/../../../../../H-x86_64-mingw32/nios2-elf/lib\libc.a(lib_a-stdio.o)
 .debug_info    0x000000000001087e      0x921 c:/altera/15.0/nios2eds/bin/gnu/h-x86_64-mingw32/bin/../lib/gcc/nios2-elf/4.9.1/../../../../../H-x86_64-mingw32/nios2-elf/lib\libc.a(lib_a-writer.o)
 .debug_info    0x000000000001119f      0x8ce c:/altera/15.0/nios2eds/bin/gnu/h-x86_64-mingw32/bin/../lib/gcc/nios2-elf/4.9.1/../../../../../H-x86_64-mingw32/nios2-elf/lib\libc.a(closer.o)
 .debug_info    0x0000000000011a6d      0xa12 c:/altera/15.0/nios2eds/bin/gnu/h-x86_64-mingw32/bin/../lib/gcc/nios2-elf/4.9.1/../../../../../H-x86_64-mingw32/nios2-elf/lib\libc.a(lib_a-fclose.o)
 .debug_info    0x000000000001247f      0xa5c c:/altera/15.0/nios2eds/bin/gnu/h-x86_64-mingw32/bin/../lib/gcc/nios2-elf/4.9.1/../../../../../H-x86_64-mingw32/nios2-elf/lib\libc.a(lib_a-fstatr.o)
 .debug_info    0x0000000000012edb      0x8ce c:/altera/15.0/nios2eds/bin/gnu/h-x86_64-mingw32/bin/../lib/gcc/nios2-elf/4.9.1/../../../../../H-x86_64-mingw32/nios2-elf/lib\libc.a(lib_a-isattyr.o)
 .debug_info    0x00000000000137a9      0x91a c:/altera/15.0/nios2eds/bin/gnu/h-x86_64-mingw32/bin/../lib/gcc/nios2-elf/4.9.1/../../../../../H-x86_64-mingw32/nios2-elf/lib\libc.a(lib_a-lseekr.o)
 .debug_info    0x00000000000140c3      0x91a c:/altera/15.0/nios2eds/bin/gnu/h-x86_64-mingw32/bin/../lib/gcc/nios2-elf/4.9.1/../../../../../H-x86_64-mingw32/nios2-elf/lib\libc.a(lib_a-readr.o)
 .debug_info    0x00000000000149dd       0xe5 ../simplified_tcp_bsp/\libhal_bsp.a(alt_exit.o)
 .debug_info    0x0000000000014ac2      0x481 ../simplified_tcp_bsp/\libhal_bsp.a(alt_fstat.o)
 .debug_info    0x0000000000014f43      0x484 ../simplified_tcp_bsp/\libhal_bsp.a(alt_isatty.o)
 .debug_info    0x00000000000153c7      0x34b ../simplified_tcp_bsp/\libhal_bsp.a(alt_lseek.o)
 .debug_info    0x0000000000015712      0x89f ../simplified_tcp_bsp/\libhal_bsp.a(alt_malloc_lock.o)
 .debug_info    0x0000000000015fb1      0x4a9 ../simplified_tcp_bsp/\libhal_bsp.a(alt_read.o)
 .debug_info    0x000000000001645a      0x1a5 ../simplified_tcp_bsp/\libhal_bsp.a(alt_sbrk.o)
 .debug_info    0x00000000000165ff      0x4b0 ../simplified_tcp_bsp/\libhal_bsp.a(alt_write.o)

.debug_abbrev   0x0000000000000000     0x61c2
 *(.debug_abbrev)
 .debug_abbrev  0x0000000000000000       0x12 ../simplified_tcp_bsp//obj/HAL/src/crt0.o
 .debug_abbrev  0x0000000000000012      0x175 obj/default/tx_rx.o
 .debug_abbrev  0x0000000000000187       0x9c c:/altera/15.0/nios2eds/bin/gnu/h-x86_64-mingw32/bin/../lib/gcc/nios2-elf/4.9.1/../../../../../H-x86_64-mingw32/nios2-elf/lib\libc.a(lib_a-memcpy.o)
 .debug_abbrev  0x0000000000000223       0xae c:/altera/15.0/nios2eds/bin/gnu/h-x86_64-mingw32/bin/../lib/gcc/nios2-elf/4.9.1/../../../../../H-x86_64-mingw32/nios2-elf/lib\libc.a(lib_a-memset.o)
 .debug_abbrev  0x00000000000002d1       0x5a ../simplified_tcp_bsp/\libhal_bsp.a(alt_dcache_flush_all.o)
 .debug_abbrev  0x000000000000032b       0x9f ../simplified_tcp_bsp/\libhal_bsp.a(alt_load.o)
 .debug_abbrev  0x00000000000003ca       0xba ../simplified_tcp_bsp/\libhal_bsp.a(alt_main.o)
 .debug_abbrev  0x0000000000000484       0xb0 ../simplified_tcp_bsp/\libhal_bsp.a(alt_printf.o)
 .debug_abbrev  0x0000000000000534      0x1a0 ../simplified_tcp_bsp/\libhal_bsp.a(alt_putchar.o)
 .debug_abbrev  0x00000000000006d4      0x190 ../simplified_tcp_bsp/\libhal_bsp.a(alt_sys_init.o)
 .debug_abbrev  0x0000000000000864      0x127 ../simplified_tcp_bsp/\libhal_bsp.a(altera_avalon_jtag_uart_fd.o)
 .debug_abbrev  0x000000000000098b      0x197 ../simplified_tcp_bsp/\libhal_bsp.a(altera_avalon_jtag_uart_init.o)
 .debug_abbrev  0x0000000000000b22      0x111 ../simplified_tcp_bsp/\libhal_bsp.a(altera_avalon_jtag_uart_ioctl.o)
 .debug_abbrev  0x0000000000000c33      0x1ac ../simplified_tcp_bsp/\libhal_bsp.a(altera_avalon_jtag_uart_read.o)
 .debug_abbrev  0x0000000000000ddf      0x1a8 ../simplified_tcp_bsp/\libhal_bsp.a(altera_avalon_jtag_uart_write.o)
 .debug_abbrev  0x0000000000000f87      0x279 ../simplified_tcp_bsp/\libhal_bsp.a(altera_avalon_sgdma.o)
 .debug_abbrev  0x0000000000001200      0x155 ../simplified_tcp_bsp/\libhal_bsp.a(altera_avalon_timer_sc.o)
 .debug_abbrev  0x0000000000001355      0x162 ../simplified_tcp_bsp/\libhal_bsp.a(alt_alarm_start.o)
 .debug_abbrev  0x00000000000014b7      0x11f ../simplified_tcp_bsp/\libhal_bsp.a(alt_close.o)
 .debug_abbrev  0x00000000000015d6       0x8c ../simplified_tcp_bsp/\libhal_bsp.a(alt_dcache_flush.o)
 .debug_abbrev  0x0000000000001662       0xd9 ../simplified_tcp_bsp/\libhal_bsp.a(alt_dev.o)
 .debug_abbrev  0x000000000000173b      0x114 ../simplified_tcp_bsp/\libhal_bsp.a(alt_dev_llist_insert.o)
 .debug_abbrev  0x000000000000184f       0x79 ../simplified_tcp_bsp/\libhal_bsp.a(alt_do_ctors.o)
 .debug_abbrev  0x00000000000018c8       0x79 ../simplified_tcp_bsp/\libhal_bsp.a(alt_do_dtors.o)
 .debug_abbrev  0x0000000000001941       0x5a ../simplified_tcp_bsp/\libhal_bsp.a(alt_errno.o)
 .debug_abbrev  0x000000000000199b       0xf0 ../simplified_tcp_bsp/\libhal_bsp.a(alt_find_dev.o)
 .debug_abbrev  0x0000000000001a8b       0x42 ../simplified_tcp_bsp/\libhal_bsp.a(alt_icache_flush_all.o)
 .debug_abbrev  0x0000000000001acd      0x163 ../simplified_tcp_bsp/\libhal_bsp.a(alt_iic.o)
 .debug_abbrev  0x0000000000001c30      0x169 ../simplified_tcp_bsp/\libhal_bsp.a(alt_iic_isr_register.o)
 .debug_abbrev  0x0000000000001d99      0x114 ../simplified_tcp_bsp/\libhal_bsp.a(alt_io_redirect.o)
 .debug_abbrev  0x0000000000001ead       0x12 ../simplified_tcp_bsp/\libhal_bsp.a(alt_irq_entry.o)
 .debug_abbrev  0x0000000000001ebf      0x122 ../simplified_tcp_bsp/\libhal_bsp.a(alt_irq_handler.o)
 .debug_abbrev  0x0000000000001fe1       0x40 ../simplified_tcp_bsp/\libhal_bsp.a(alt_irq_vars.o)
 .debug_abbrev  0x0000000000002021      0x148 ../simplified_tcp_bsp/\libhal_bsp.a(alt_open.o)
 .debug_abbrev  0x0000000000002169       0xde ../simplified_tcp_bsp/\libhal_bsp.a(alt_release_fd.o)
 .debug_abbrev  0x0000000000002247      0x15a ../simplified_tcp_bsp/\libhal_bsp.a(alt_tick.o)
 .debug_abbrev  0x00000000000023a1       0x42 ../simplified_tcp_bsp/\libhal_bsp.a(altera_nios2_gen2_irq.o)
 .debug_abbrev  0x00000000000023e3       0x12 ../simplified_tcp_bsp/\libhal_bsp.a(alt_exception_entry.o)
 .debug_abbrev  0x00000000000023f5       0xf0 ../simplified_tcp_bsp/\libhal_bsp.a(alt_find_file.o)
 .debug_abbrev  0x00000000000024e5      0x10d ../simplified_tcp_bsp/\libhal_bsp.a(alt_get_fd.o)
 .debug_abbrev  0x00000000000025f2       0x8c ../simplified_tcp_bsp/\libhal_bsp.a(alt_icache_flush.o)
 .debug_abbrev  0x000000000000267e       0xd1 ../simplified_tcp_bsp/\libhal_bsp.a(alt_instruction_exception_entry.o)
 .debug_abbrev  0x000000000000274f       0xb8 c:/altera/15.0/nios2eds/bin/gnu/h-x86_64-mingw32/bin/../lib/gcc/nios2-elf/4.9.1/../../../../../H-x86_64-mingw32/nios2-elf/lib\libc.a(lib_a-atexit.o)
 .debug_abbrev  0x0000000000002807      0x1e6 c:/altera/15.0/nios2eds/bin/gnu/h-x86_64-mingw32/bin/../lib/gcc/nios2-elf/4.9.1/../../../../../H-x86_64-mingw32/nios2-elf/lib\libc.a(lib_a-exit.o)
 .debug_abbrev  0x00000000000029ed      0x180 c:/altera/15.0/nios2eds/bin/gnu/h-x86_64-mingw32/bin/../lib/gcc/nios2-elf/4.9.1/../../../../../H-x86_64-mingw32/nios2-elf/lib\libc.a(lib_a-impure.o)
 .debug_abbrev  0x0000000000002b6d       0x37 c:/altera/15.0/nios2eds/bin/gnu/h-x86_64-mingw32/bin/../lib/gcc/nios2-elf/4.9.1/../../../../../H-x86_64-mingw32/nios2-elf/lib\libc.a(lib_a-int_errno.o)
 .debug_abbrev  0x0000000000002ba4       0x7f c:/altera/15.0/nios2eds/bin/gnu/h-x86_64-mingw32/bin/../lib/gcc/nios2-elf/4.9.1/../../../../../H-x86_64-mingw32/nios2-elf/lib\libc.a(lib_a-memcmp.o)
 .debug_abbrev  0x0000000000002c23      0x226 c:/altera/15.0/nios2eds/bin/gnu/h-x86_64-mingw32/bin/../lib/gcc/nios2-elf/4.9.1/../../../../../H-x86_64-mingw32/nios2-elf/lib\libc.a(lib_a-putc.o)
 .debug_abbrev  0x0000000000002e49       0x90 c:/altera/15.0/nios2eds/bin/gnu/h-x86_64-mingw32/bin/../lib/gcc/nios2-elf/4.9.1/../../../../../H-x86_64-mingw32/nios2-elf/lib\libc.a(lib_a-strlen.o)
 .debug_abbrev  0x0000000000002ed9      0x238 c:/altera/15.0/nios2eds/bin/gnu/h-x86_64-mingw32/bin/../lib/gcc/nios2-elf/4.9.1/../../../../../H-x86_64-mingw32/nios2-elf/lib\libc.a(lib_a-wbuf.o)
 .debug_abbrev  0x0000000000003111      0x1f3 c:/altera/15.0/nios2eds/bin/gnu/h-x86_64-mingw32/bin/../lib/gcc/nios2-elf/4.9.1/../../../../../H-x86_64-mingw32/nios2-elf/lib\libc.a(lib_a-wsetup.o)